../Core/Src/ili9341.c:19:6:LCD_Init	8	static
../Core/Src/ili9341.c:125:6:LCD_CMD	16	static
../Core/Src/ili9341.c:141:6:LCD_DATA	16	static
../Core/Src/ili9341.c:156:6:SetWindows	24	static
../Core/Src/ili9341.c:173:6:LCD_Clear	24	static
../Core/Src/ili9341.c:189:6:H_line	32	static
../Core/Src/ili9341.c:206:6:V_line	32	static
../Core/Src/ili9341.c:223:6:Rect	24	static
../Core/Src/ili9341.c:242:6:FillRect	48	static
../Core/Src/ili9341.c:267:6:LCD_Print	104	dynamic
../Core/Src/ili9341.c:331:6:LCD_Bitmap	48	static
../Core/Src/ili9341.c:356:6:LCD_Sprite	56	static
