../Core/Src/main.c:378:13:DebugPC	16	static
../Core/Src/main.c:480:13:StartUart1RxIT	8	static
../Core/Src/main.c:489:23:RectsOverlap	24	static
../Core/Src/main.c:494:13:Audio_SendLine	104	static
../Core/Src/main.c:506:13:Audio_Play	16	static
../Core/Src/main.c:519:13:Audio_Stop	8	static
../Core/Src/main.c:525:13:Explo_Spawn	48	static
../Core/Src/main.c:541:13:Explo_Kill	48	static
../Core/Src/main.c:558:13:Explo_KillAll	16	static
../Core/Src/main.c:568:13:Explo_UpdateAndDrawAll	48	static
../Core/Src/main.c:594:13:Bullet_Start	24	static
../Core/Src/main.c:607:13:Bullet_SpawnFromTank	40	static
../Core/Src/main.c:626:13:Bullet_Erase	48	static
../Core/Src/main.c:643:13:Bullet_Draw	40	static
../Core/Src/main.c:649:13:Bullet_RedrawBushes	48	static
../Core/Src/main.c:662:13:Bullet_Kill	48	static
../Core/Src/main.c:683:16:Bullet_CheckHitTank	40	static
../Core/Src/main.c:705:16:Bullet_CheckCollision	48	static
../Core/Src/main.c:734:13:Map_DestroyAround	104	static
../Core/Src/main.c:805:13:Bullet_Update	56	static
../Core/Src/main.c:890:13:Map_Clear	16	static
../Core/Src/main.c:896:13:Map_AddTile	32	static
../Core/Src/main.c:914:13:Map_Draw	104	static
../Core/Src/main.c:946:13:Map1_Load	200	static
../Core/Src/main.c:1125:13:Map2_Load	152	static
../Core/Src/main.c:1345:13:ProcessCommandLine	304	static
../Core/Src/main.c:1416:23:Tank_GetSprite	16	static
../Core/Src/main.c:1430:13:Tank_Init	168	static
../Core/Src/main.c:1458:16:Tank_CheckCollision	32	static
../Core/Src/main.c:1495:16:Tank_CheckTankCollision	104	static
../Core/Src/main.c:1524:13:Tank_RedrawBushes	40	static
../Core/Src/main.c:1550:13:Tank_Update	24	static
../Core/Src/main.c:1581:13:Tank_Move	16	static
../Core/Src/main.c:1593:13:Tank_Stop	16	static
../Core/Src/main.c:1602:13:Tank_Draw	48	static
../Core/Src/main.c:1617:13:Tank_Erase	40	static
../Core/Src/main.c:1649:13:Game_LoadPlayers	152	static
../Core/Src/main.c:1680:13:Game_UpdateTanks	8	static
../Core/Src/main.c:1703:13:ApplyGameCommand	120	static
../Core/Src/main.c:1753:13:ApplyMenuCommand	16	static
../Core/Src/main.c:1787:13:ApplyTankSelectionCommand	136	static
../Core/Src/main.c:1835:13:ApplyMapSelectionCommand	80	static
../Core/Src/main.c:1870:13:Menu_DrawBackground	16	static
../Core/Src/main.c:1875:13:Menu_UpdateCursor	16	static
../Core/Src/main.c:1899:13:Menu_EraseCursorPrev	16	static
../Core/Src/main.c:1904:13:Menu_DrawCursor	32	static
../Core/Src/main.c:1911:13:TankSel_DrawScreen	24	static
../Core/Src/main.c:1931:13:TankSel_EraseTank	24	static
../Core/Src/main.c:1936:13:TankSel_DrawTank	48	static
../Core/Src/main.c:1942:13:TankSel_DrawExplosion	48	static
../Core/Src/main.c:1948:13:TankSel_UpdatePlayer	32	static
../Core/Src/main.c:1963:13:MapSel_DrawScreen	16	static
../Core/Src/main.c:2016:13:MapSel_DrawBorder	24	static
../Core/Src/main.c:2039:13:MapSel_UpdateSelector	16	static
../Core/Src/main.c:2061:13:MapSel_EraseSelector	16	static
../Core/Src/main.c:2067:13:MapSel_DrawSelector	32	static
../Core/Src/main.c:2074:13:MapSel_ConfirmSelection	144	static
../Core/Src/main.c:2117:13:Game_Initialize	272	static
../Core/Src/main.c:2161:16:ValidateGameSetup	8	static
../Core/Src/main.c:2181:13:Game_ShowWinner	40	static
../Core/Src/main.c:2205:13:Win_PlayExplosionThenShow	24	static
../Core/Src/main.c:2222:13:Game_ResetToMenu	32	static
../Core/Src/main.c:2250:5:main	168	static
../Core/Src/main.c:2405:6:SystemClock_Config	88	static
../Core/Src/main.c:2453:13:MX_SPI1_Init	8	static
../Core/Src/main.c:2491:13:MX_USART1_UART_Init	8	static
../Core/Src/main.c:2524:13:MX_USART2_UART_Init	8	static
../Core/Src/main.c:2557:13:MX_GPIO_Init	48	static
../Core/Src/main.c:2610:6:HAL_UART_RxCpltCallback	16	static
../Core/Src/main.c:2637:6:Error_Handler	4	static,ignoring_inline_asm
