Archive member included to satisfy reference by file (symbol)

C:/ST/STM32CubeIDE_1.19.0/STM32CubeIDE/plugins/com.st.stm32cube.ide.mcu.externaltools.gnu-tools-for-stm32.13.3.rel1.win32_1.0.0.202411081344/tools/bin/../lib/gcc/arm-none-eabi/13.3.1/../../../../arm-none-eabi/lib/thumb/v7e-m+fp/hard\libc_nano.a(libc_a-atoi.o)
                              ./Core/Src/main.o (atoi)
C:/ST/STM32CubeIDE_1.19.0/STM32CubeIDE/plugins/com.st.stm32cube.ide.mcu.externaltools.gnu-tools-for-stm32.13.3.rel1.win32_1.0.0.202411081344/tools/bin/../lib/gcc/arm-none-eabi/13.3.1/../../../../arm-none-eabi/lib/thumb/v7e-m+fp/hard\libc_nano.a(libc_a-exit.o)
                              C:/ST/STM32CubeIDE_1.19.0/STM32CubeIDE/plugins/com.st.stm32cube.ide.mcu.externaltools.gnu-tools-for-stm32.13.3.rel1.win32_1.0.0.202411081344/tools/bin/../lib/gcc/arm-none-eabi/13.3.1/../../../../arm-none-eabi/lib/thumb/v7e-m+fp/hard/crt0.o (exit)
C:/ST/STM32CubeIDE_1.19.0/STM32CubeIDE/plugins/com.st.stm32cube.ide.mcu.externaltools.gnu-tools-for-stm32.13.3.rel1.win32_1.0.0.202411081344/tools/bin/../lib/gcc/arm-none-eabi/13.3.1/../../../../arm-none-eabi/lib/thumb/v7e-m+fp/hard\libc_nano.a(libc_a-strtol.o)
                              C:/ST/STM32CubeIDE_1.19.0/STM32CubeIDE/plugins/com.st.stm32cube.ide.mcu.externaltools.gnu-tools-for-stm32.13.3.rel1.win32_1.0.0.202411081344/tools/bin/../lib/gcc/arm-none-eabi/13.3.1/../../../../arm-none-eabi/lib/thumb/v7e-m+fp/hard\libc_nano.a(libc_a-atoi.o) (_strtol_r)
C:/ST/STM32CubeIDE_1.19.0/STM32CubeIDE/plugins/com.st.stm32cube.ide.mcu.externaltools.gnu-tools-for-stm32.13.3.rel1.win32_1.0.0.202411081344/tools/bin/../lib/gcc/arm-none-eabi/13.3.1/../../../../arm-none-eabi/lib/thumb/v7e-m+fp/hard\libc_nano.a(libc_a-ctype_.o)
                              C:/ST/STM32CubeIDE_1.19.0/STM32CubeIDE/plugins/com.st.stm32cube.ide.mcu.externaltools.gnu-tools-for-stm32.13.3.rel1.win32_1.0.0.202411081344/tools/bin/../lib/gcc/arm-none-eabi/13.3.1/../../../../arm-none-eabi/lib/thumb/v7e-m+fp/hard\libc_nano.a(libc_a-strtol.o) (_ctype_)
C:/ST/STM32CubeIDE_1.19.0/STM32CubeIDE/plugins/com.st.stm32cube.ide.mcu.externaltools.gnu-tools-for-stm32.13.3.rel1.win32_1.0.0.202411081344/tools/bin/../lib/gcc/arm-none-eabi/13.3.1/../../../../arm-none-eabi/lib/thumb/v7e-m+fp/hard\libc_nano.a(libc_a-findfp.o)
                              C:/ST/STM32CubeIDE_1.19.0/STM32CubeIDE/plugins/com.st.stm32cube.ide.mcu.externaltools.gnu-tools-for-stm32.13.3.rel1.win32_1.0.0.202411081344/tools/bin/../lib/gcc/arm-none-eabi/13.3.1/../../../../arm-none-eabi/lib/thumb/v7e-m+fp/hard\libc_nano.a(libc_a-exit.o) (__stdio_exit_handler)
C:/ST/STM32CubeIDE_1.19.0/STM32CubeIDE/plugins/com.st.stm32cube.ide.mcu.externaltools.gnu-tools-for-stm32.13.3.rel1.win32_1.0.0.202411081344/tools/bin/../lib/gcc/arm-none-eabi/13.3.1/../../../../arm-none-eabi/lib/thumb/v7e-m+fp/hard\libc_nano.a(libc_a-fwalk.o)
                              C:/ST/STM32CubeIDE_1.19.0/STM32CubeIDE/plugins/com.st.stm32cube.ide.mcu.externaltools.gnu-tools-for-stm32.13.3.rel1.win32_1.0.0.202411081344/tools/bin/../lib/gcc/arm-none-eabi/13.3.1/../../../../arm-none-eabi/lib/thumb/v7e-m+fp/hard\libc_nano.a(libc_a-findfp.o) (_fwalk_sglue)
C:/ST/STM32CubeIDE_1.19.0/STM32CubeIDE/plugins/com.st.stm32cube.ide.mcu.externaltools.gnu-tools-for-stm32.13.3.rel1.win32_1.0.0.202411081344/tools/bin/../lib/gcc/arm-none-eabi/13.3.1/../../../../arm-none-eabi/lib/thumb/v7e-m+fp/hard\libc_nano.a(libc_a-snprintf.o)
                              ./Core/Src/main.o (snprintf)
C:/ST/STM32CubeIDE_1.19.0/STM32CubeIDE/plugins/com.st.stm32cube.ide.mcu.externaltools.gnu-tools-for-stm32.13.3.rel1.win32_1.0.0.202411081344/tools/bin/../lib/gcc/arm-none-eabi/13.3.1/../../../../arm-none-eabi/lib/thumb/v7e-m+fp/hard\libc_nano.a(libc_a-stdio.o)
                              C:/ST/STM32CubeIDE_1.19.0/STM32CubeIDE/plugins/com.st.stm32cube.ide.mcu.externaltools.gnu-tools-for-stm32.13.3.rel1.win32_1.0.0.202411081344/tools/bin/../lib/gcc/arm-none-eabi/13.3.1/../../../../arm-none-eabi/lib/thumb/v7e-m+fp/hard\libc_nano.a(libc_a-findfp.o) (__sread)
C:/ST/STM32CubeIDE_1.19.0/STM32CubeIDE/plugins/com.st.stm32cube.ide.mcu.externaltools.gnu-tools-for-stm32.13.3.rel1.win32_1.0.0.202411081344/tools/bin/../lib/gcc/arm-none-eabi/13.3.1/../../../../arm-none-eabi/lib/thumb/v7e-m+fp/hard\libc_nano.a(libc_a-memset.o)
                              C:/ST/STM32CubeIDE_1.19.0/STM32CubeIDE/plugins/com.st.stm32cube.ide.mcu.externaltools.gnu-tools-for-stm32.13.3.rel1.win32_1.0.0.202411081344/tools/bin/../lib/gcc/arm-none-eabi/13.3.1/../../../../arm-none-eabi/lib/thumb/v7e-m+fp/hard/crt0.o (memset)
C:/ST/STM32CubeIDE_1.19.0/STM32CubeIDE/plugins/com.st.stm32cube.ide.mcu.externaltools.gnu-tools-for-stm32.13.3.rel1.win32_1.0.0.202411081344/tools/bin/../lib/gcc/arm-none-eabi/13.3.1/../../../../arm-none-eabi/lib/thumb/v7e-m+fp/hard\libc_nano.a(libc_a-strchr.o)
                              ./Core/Src/main.o (strchr)
[...]
Memory Configuration

Name             Origin             Length             Attributes
RAM              0x20000000         0x00020000         xrw
FLASH            0x08000000         0x00080000         xr
*default*        0x00000000         0xffffffff

Linker script and memory map

LOAD C:/ST/STM32CubeIDE_1.19.0/STM32CubeIDE/plugins/com.st.stm32cube.ide.mcu.externaltools.gnu-tools-for-stm32.13.3.rel1.win32_1.0.0.202411081344/tools/bin/../lib/gcc/arm-none-eabi/13.3.1/thumb/v7e-m+fp/hard/crti.o
LOAD C:/ST/STM32CubeIDE_1.19.0/STM32CubeIDE/plugins/com.st.stm32cube.ide.mcu.externaltools.gnu-tools-for-stm32.13.3.rel1.win32_1.0.0.202411081344/tools/bin/../lib/gcc/arm-none-eabi/13.3.1/thumb/v7e-m+fp/hard/crtbegin.o
LOAD C:/ST/STM32CubeIDE_1.19.0/STM32CubeIDE/plugins/com.st.stm32cube.ide.mcu.externaltools.gnu-tools-for-stm32.13.3.rel1.win32_1.0.0.202411081344/tools/bin/../lib/gcc/arm-none-eabi/13.3.1/../../../../arm-none-eabi/lib/thumb/v7e-m+fp/hard/crt0.o
LOAD ./Core/Src/font.o
LOAD ./Core/Src/graficos.o
LOAD ./Core/Src/ili9341.o
LOAD ./Core/Src/main.o
LOAD ./Core/Src/stm32f4xx_hal_msp.o
LOAD ./Core/Src/stm32f4xx_it.o
LOAD ./Core/Src/syscalls.o
LOAD ./Core/Src/sysmem.o
LOAD ./Core/Src/system_stm32f4xx.o
LOAD ./Core/Startup/startup_stm32f446retx.o
LOAD ./Drivers/STM32F4xx_HAL_Driver/Src/stm32f4xx_hal.o
LOAD ./Drivers/STM32F4xx_HAL_Driver/Src/stm32f4xx_hal_cortex.o
LOAD ./Drivers/STM32F4xx_HAL_Driver/Src/stm32f4xx_hal_dma.o
LOAD ./Drivers/STM32F4xx_HAL_Driver/Src/stm32f4xx_hal_dma_ex.o
LOAD ./Drivers/STM32F4xx_HAL_Driver/Src/stm32f4xx_hal_exti.o
LOAD ./Drivers/STM32F4xx_HAL_Driver/Src/stm32f4xx_hal_flash.o
LOAD ./Drivers/STM32F4xx_HAL_Driver/Src/stm32f4xx_hal_flash_ex.o
LOAD ./Drivers/STM32F4xx_HAL_Driver/Src/stm32f4xx_hal_flash_ramfunc.o
LOAD ./Drivers/STM32F4xx_HAL_Driver/Src/stm32f4xx_hal_gpio.o
LOAD ./Drivers/STM32F4xx_HAL_Driver/Src/stm32f4xx_hal_pwr.o
LOAD ./Drivers/STM32F4xx_HAL_Driver/Src/stm32f4xx_hal_pwr_ex.o
LOAD ./Drivers/STM32F4xx_HAL_Driver/Src/stm32f4xx_hal_rcc.o
LOAD ./Drivers/STM32F4xx_HAL_Driver/Src/stm32f4xx_hal_rcc_ex.o
LOAD ./Drivers/STM32F4xx_HAL_Driver/Src/stm32f4xx_hal_spi.o
LOAD ./Drivers/STM32F4xx_HAL_Driver/Src/stm32f4xx_hal_uart.o
START GROUP
LOAD C:/ST/STM32CubeIDE_1.19.0/STM32CubeIDE/plugins/com.st.stm32cube.ide.mcu.externaltools.gnu-tools-for-stm32.13.3.rel1.win32_1.0.0.202411081344/tools/bin/../lib/gcc/arm-none-eabi/13.3.1/../../../../arm-none-eabi/lib/thumb/v7e-m+fp/hard\libc_nano.a
LOAD C:/ST/STM32CubeIDE_1.19.0/STM32CubeIDE/plugins/com.st.stm32cube.ide.mcu.externaltools.gnu-tools-for-stm32.13.3.rel1.win32_1.0.0.202411081344/tools/bin/../lib/gcc/arm-none-eabi/13.3.1/../../../../arm-none-eabi/lib/thumb/v7e-m+fp/hard\libm.a
END GROUP
START GROUP
LOAD C:/ST/STM32CubeIDE_1.19.0/STM32CubeIDE/plugins/com.st.stm32cube.ide.mcu.externaltools.gnu-tools-for-stm32.13.3.rel1.win32_1.0.0.202411081344/tools/bin/../lib/gcc/arm-none-eabi/13.3.1/thumb/v7e-m+fp/hard\libgcc.a
LOAD C:/ST/STM32CubeIDE_1.19.0/STM32CubeIDE/plugins/com.st.stm32cube.ide.mcu.externaltools.gnu-tools-for-stm32.13.3.rel1.win32_1.0.0.202411081344/tools/bin/../lib/gcc/arm-none-eabi/13.3.1/../../../../arm-none-eabi/lib/thumb/v7e-m+fp/hard\libc_nano.a
END GROUP
START GROUP
LOAD C:/ST/STM32CubeIDE_1.19.0/STM32CubeIDE/plugins/com.st.stm32cube.ide.mcu.externaltools.gnu-tools-for-stm32.13.3.rel1.win32_1.0.0.202411081344/tools/bin/../lib/gcc/arm-none-eabi/13.3.1/thumb/v7e-m+fp/hard\libgcc.a
LOAD C:/ST/STM32CubeIDE_1.19.0/STM32CubeIDE/plugins/com.st.stm32cube.ide.mcu.externaltools.gnu-tools-for-stm32.13.3.rel1.win32_1.0.0.202411081344/tools/bin/../lib/gcc/arm-none-eabi/13.3.1/../../../../arm-none-eabi/lib/thumb/v7e-m+fp/hard\libc_nano.a
LOAD C:/ST/STM32CubeIDE_1.19.0/STM32CubeIDE/plugins/com.st.stm32cube.ide.mcu.externaltools.gnu-tools-for-stm32.13.3.rel1.win32_1.0.0.202411081344/tools/bin/../lib/gcc/arm-none-eabi/13.3.1/../../../../arm-none-eabi/lib/thumb/v7e-m+fp/hard\libnosys.a
END GROUP
START GROUP
LOAD C:/ST/STM32CubeIDE_1.19.0/STM32CubeIDE/plugins/com.st.stm32cube.ide.mcu.externaltools.gnu-tools-for-stm32.13.3.rel1.win32_1.0.0.202411081344/tools/bin/../lib/gcc/arm-none-eabi/13.3.1/thumb/v7e-m+fp/hard\libgcc.a
LOAD C:/ST/STM32CubeIDE_1.19.0/STM32CubeIDE/plugins/com.st.stm32cube.ide.mcu.externaltools.gnu-tools-for-stm32.13.3.rel1.win32_1.0.0.202411081344/tools/bin/../lib/gcc/arm-none-eabi/13.3.1/../../../../arm-none-eabi/lib/thumb/v7e-m+fp/hard\libc_nano.a
LOAD C:/ST/STM32CubeIDE_1.19.0/STM32CubeIDE/plugins/com.st.stm32cube.ide.mcu.externaltools.gnu-tools-for-stm32.13.3.rel1.win32_1.0.0.202411081344/tools/bin/../lib/gcc/arm-none-eabi/13.3.1/../../../../arm-none-eabi/lib/thumb/v7e-m+fp/hard\libnosys.a
END GROUP
LOAD C:/ST/STM32CubeIDE_1.19.0/STM32CubeIDE/plugins/com.st.stm32cube.ide.mcu.externaltools.gnu-tools-for-stm32.13.3.rel1.win32_1.0.0.202411081344/tools/bin/../lib/gcc/arm-none-eabi/13.3.1/thumb/v7e-m+fp/hard/crtend.o
LOAD C:/ST/STM32CubeIDE_1.19.0/STM32CubeIDE/plugins/com.st.stm32cube.ide.mcu.externaltools.gnu-tools-for-stm32.13.3.rel1.win32_1.0.0.202411081344/tools/bin/../lib/gcc/arm-none-eabi/13.3.1/thumb/v7e-m+fp/hard/crtn.o
                0x20020000                        _estack = (ORIGIN (RAM) + LENGTH (RAM))
                0x00000200                        _Min_Heap_Size = 0x200
                0x00000400                        _Min_Stack_Size = 0x400

.isr_vector     0x08000000      0x1c4
                0x08000000                        . = ALIGN (0x4)
 *(.isr_vector)
 .isr_vector    0x08000000      0x1c4 ./Core/Startup/startup_stm32f446retx.o
                0x08000000                g_pfnVectors
                0x080001c4                        . = ALIGN (0x4)

.text           0x080001d0     0x89b4
                0x080001d0                        . = ALIGN (0x4)
 *(.text)
 .text          0x080001d0       0x40 C:/ST/STM32CubeIDE_1.19.0/STM32CubeIDE/plugins/com.st.stm32cube.ide.mcu.externaltools.gnu-tools-for-stm32.13.3.rel1.win32_1.0.0.202411081344/tools/bin/../lib/gcc/arm-none-eabi/13.3.1/thumb/v7e-m+fp/hard/crtbegin.o
 .text          0x08000210       0x14 C:/ST/STM32CubeIDE_1.19.0/STM32CubeIDE/plugins/com.st.stm32cube.ide.mcu.externaltools.gnu-tools-for-stm32.13.3.rel1.win32_1.0.0.202411081344/tools/bin/../lib/gcc/arm-none-eabi/13.3.1/../../../../arm-none-eabi/lib/thumb/v7e-m+fp/hard\libc_nano.a(libc_a-strcmp.o)
                0x08000210                strcmp
 .text          0x08000224       0x10 C:/ST/STM32CubeIDE_1.19.0/STM32CubeIDE/plugins/com.st.stm32cube.ide.mcu.externaltools.gnu-tools-for-stm32.13.3.rel1.win32_1.0.0.202411081344/tools/bin/../lib/gcc/arm-none-eabi/13.3.1/../../../../arm-none-eabi/lib/thumb/v7e-m+fp/hard\libc_nano.a(libc_a-strlen.o)
                0x08000224                strlen
 *fill*         0x08000234        0xc 
 .text          0x08000240       0xa0 C:/ST/STM32CubeIDE_1.19.0/STM32CubeIDE/plugins/com.st.stm32cube.ide.mcu.externaltools.gnu-tools-for-stm32.13.3.rel1.win32_1.0.0.202411081344/tools/bin/../lib/gcc/arm-none-eabi/13.3.1/../../../../arm-none-eabi/lib/thumb/v7e-m+fp/hard\libc_nano.a(libc_a-memchr.o)
                0x08000240                memchr
 .text          0x080002e0       0x30 C:/ST/STM32CubeIDE_1.19.0/STM32CubeIDE/plugins/com.st.stm32cube.ide.mcu.externaltools.gnu-tools-for-stm32.13.3.rel1.win32_1.0.0.202411081344/tools/bin/../lib/gcc/arm-none-eabi/13.3.1/thumb/v7e-m+fp/hard\libgcc.a(_aeabi_uldivmod.o)
                0x080002e0                __aeabi_uldivmod
 .text          0x08000310      0x2f8 C:/ST/STM32CubeIDE_1.19.0/STM32CubeIDE/plugins/com.st.stm32cube.ide.mcu.externaltools.gnu-tools-for-stm32.13.3.rel1.win32_1.0.0.202411081344/tools/bin/../lib/gcc/arm-none-eabi/13.3.1/thumb/v7e-m+fp/hard\libgcc.a(_udivmoddi4.o)
                0x08000310                __udivmoddi4
 .text          0x08000608        0x4 C:/ST/STM32CubeIDE_1.19.0/STM32CubeIDE/plugins/com.st.stm32cube.ide.mcu.externaltools.gnu-tools-for-stm32.13.3.rel1.win32_1.0.0.202411081344/tools/bin/../lib/gcc/arm-none-eabi/13.3.1/thumb/v7e-m+fp/hard\libgcc.a(_dvmd_tls.o)
                0x08000608                __aeabi_idiv0
                0x08000608                __aeabi_ldiv0
 *(.text*)
 .text.LCD_Init
                0x0800060c      0x1f8 ./Core/Src/ili9341.o
                0x0800060c                LCD_Init
 .text.LCD_CMD  0x08000804       0x4c ./Core/Src/ili9341.o
                0x08000804                LCD_CMD
 .text.LCD_DATA
                0x08000850       0x4c ./Core/Src/ili9341.o
                0x08000850                LCD_DATA
 .text.SetWindows
                0x0800089c       0x80 ./Core/Src/ili9341.o
                0x0800089c                SetWindows
 .text.LCD_Clear
                0x0800091c       0x88 ./Core/Src/ili9341.o
                0x0800091c                LCD_Clear
 .text.FillRect
                0x080009a4       0xb4 ./Core/Src/ili9341.o
                0x080009a4                FillRect
 .text.LCD_Bitmap
                0x08000a58       0xb4 ./Core/Src/ili9341.o
                0x08000a58                LCD_Bitmap
 .text.LCD_Sprite
                0x08000b0c      0x158 ./Core/Src/ili9341.o
                0x08000b0c                LCD_Sprite
 .text.DebugPC  0x08000c64       0x2c ./Core/Src/main.o
 .text.StartUart1RxIT
                0x08000c90       0x1c ./Core/Src/main.o
 .text.RectsOverlap
                0x08000cac       0x52 ./Core/Src/main.o
 *fill*         0x08000cfe        0x2 
 .text.Audio_SendLine
                0x08000d00       0x68 ./Core/Src/main.o
 .text.Audio_Play
                0x08000d68       0x64 ./Core/Src/main.o
 .text.Explo_Spawn
                0x08000dcc       0xa4 ./Core/Src/main.o
 .text.Explo_Kill
                0x08000e70       0xc0 ./Core/Src/main.o
 .text.Explo_KillAll
                0x08000f30       0x44 ./Core/Src/main.o
 .text.Explo_UpdateAndDrawAll
                0x08000f74       0xb0 ./Core/Src/main.o
 .text.Bullet_Start
                0x08001024       0x56 ./Core/Src/main.o
 *fill*         0x0800107a        0x2 
 .text.Bullet_SpawnFromTank
                0x0800107c       0xa0 ./Core/Src/main.o
 .text.Bullet_Erase
                0x0800111c       0xd4 ./Core/Src/main.o
 .text.Bullet_Draw
                0x080011f0       0x48 ./Core/Src/main.o
 .text.Bullet_RedrawBushes
                0x08001238       0xa0 ./Core/Src/main.o
 .text.Bullet_Kill
                0x080012d8      0x10c ./Core/Src/main.o
 .text.Bullet_CheckHitTank
                0x080013e4       0x90 ./Core/Src/main.o
 .text.Bullet_CheckCollision
                0x08001474       0xc8 ./Core/Src/main.o
 .text.Map_DestroyAround
                0x0800153c      0x25c ./Core/Src/main.o
 .text.Bullet_Update
                0x08001798      0x1a0 ./Core/Src/main.o
 .text.Map_Clear
                0x08001938       0x2c ./Core/Src/main.o
 .text.Map_AddTile
                0x08001964       0x8e ./Core/Src/main.o
 *fill*         0x080019f2        0x2 
 .text.Map_Draw
                0x080019f4      0x124 ./Core/Src/main.o
 .text.Map1_Load
                0x08001b18      0xb24 ./Core/Src/main.o
 .text.Map2_Load
                0x0800263c      0xbdc ./Core/Src/main.o
 .text.ProcessCommandLine
                0x08003218      0x2e0 ./Core/Src/main.o
 .text.Tank_GetSprite
                0x080034f8       0x58 ./Core/Src/main.o
 .text.Tank_Init
                0x08003550       0xac ./Core/Src/main.o
 .text.Tank_CheckCollision
                0x080035fc       0xc0 ./Core/Src/main.o
 .text.Tank_CheckTankCollision
                0x080036bc       0x9c ./Core/Src/main.o
 .text.Tank_RedrawBushes
                0x08003758       0xb4 ./Core/Src/main.o
 .text.Tank_Update
                0x0800380c       0xb4 ./Core/Src/main.o
 .text.Tank_Move
                0x080038c0       0x34 ./Core/Src/main.o
 .text.Tank_Stop
                0x080038f4       0x24 ./Core/Src/main.o
 .text.Tank_Draw
                0x08003918       0x44 ./Core/Src/main.o
 .text.Tank_Erase
                0x0800395c       0xe0 ./Core/Src/main.o
 .text.Game_LoadPlayers
                0x08003a3c       0x9c ./Core/Src/main.o
 .text.Game_UpdateTanks
                0x08003ad8       0x40 ./Core/Src/main.o
 .text.ApplyGameCommand
                0x08003b18      0x1bc ./Core/Src/main.o
 .text.ApplyMenuCommand
                0x08003cd4       0xfc ./Core/Src/main.o
 .text.ApplyTankSelectionCommand
                0x08003dd0      0x1f4 ./Core/Src/main.o
 .text.ApplyMapSelectionCommand
                0x08003fc4      0x104 ./Core/Src/main.o
 .text.Menu_DrawBackground
                0x080040c8       0x24 ./Core/Src/main.o
 .text.Menu_UpdateCursor
                0x080040ec       0xbc ./Core/Src/main.o
 .text.Menu_EraseCursorPrev
                0x080041a8       0x28 ./Core/Src/main.o
 .text.Menu_DrawCursor
                0x080041d0       0x3c ./Core/Src/main.o
 .text.TankSel_DrawScreen
                0x0800420c       0xbc ./Core/Src/main.o
 .text.TankSel_EraseTank
                0x080042c8       0x22 ./Core/Src/main.o
 *fill*         0x080042ea        0x2 
 .text.TankSel_DrawTank
                0x080042ec       0x3c ./Core/Src/main.o
 .text.TankSel_DrawExplosion
                0x08004328       0x3c ./Core/Src/main.o
 .text.TankSel_UpdatePlayer
                0x08004364       0x56 ./Core/Src/main.o
 *fill*         0x080043ba        0x2 
 .text.MapSel_DrawScreen
                0x080043bc      0x220 ./Core/Src/main.o
 .text.MapSel_DrawBorder
                0x080045dc       0x5c ./Core/Src/main.o
 .text.MapSel_UpdateSelector
                0x08004638       0xa0 ./Core/Src/main.o
 .text.MapSel_EraseSelector
                0x080046d8       0x28 ./Core/Src/main.o
 .text.MapSel_DrawSelector
                0x08004700       0x3c ./Core/Src/main.o
 .text.MapSel_ConfirmSelection
                0x0800473c       0xdc ./Core/Src/main.o
 .text.Game_Initialize
                0x08004818       0xd4 ./Core/Src/main.o
 .text.ValidateGameSetup
                0x080048ec       0x58 ./Core/Src/main.o
 .text.Game_ShowWinner
                0x08004944       0x90 ./Core/Src/main.o
 .text.Win_PlayExplosionThenShow
                0x080049d4       0x42 ./Core/Src/main.o
 *fill*         0x08004a16        0x2 
 .text.Game_ResetToMenu
                0x08004a18       0xe4 ./Core/Src/main.o
 .text.main     0x08004afc      0x2c4 ./Core/Src/main.o
                0x08004afc                main
 .text.SystemClock_Config
                0x08004dc0       0xdc ./Core/Src/main.o
                0x08004dc0                SystemClock_Config
 .text.MX_SPI1_Init
                0x08004e9c       0x6c ./Core/Src/main.o
 .text.MX_USART1_UART_Init
                0x08004f08       0x54 ./Core/Src/main.o
 .text.MX_USART2_UART_Init
                0x08004f5c       0x54 ./Core/Src/main.o
 .text.MX_GPIO_Init
                0x08004fb0      0x12c ./Core/Src/main.o
 .text.HAL_UART_RxCpltCallback
                0x080050dc       0x84 ./Core/Src/main.o
                0x080050dc                HAL_UART_RxCpltCallback
 .text.Error_Handler
                0x08005160        0xc ./Core/Src/main.o
                0x08005160                Error_Handler
 .text.HAL_MspInit
                0x0800516c       0x50 ./Core/Src/stm32f4xx_hal_msp.o
                0x0800516c                HAL_MspInit
 .text.HAL_SPI_MspInit
                0x080051bc       0xa0 ./Core/Src/stm32f4xx_hal_msp.o
                0x080051bc                HAL_SPI_MspInit
 .text.HAL_UART_MspInit
                0x0800525c      0x108 ./Core/Src/stm32f4xx_hal_msp.o
                0x0800525c                HAL_UART_MspInit
 .text.NMI_Handler
                0x08005364        0x8 ./Core/Src/stm32f4xx_it.o
                0x08005364                NMI_Handler
 .text.HardFault_Handler
                0x0800536c        0x8 ./Core/Src/stm32f4xx_it.o
                0x0800536c                HardFault_Handler
 .text.MemManage_Handler
                0x08005374        0x8 ./Core/Src/stm32f4xx_it.o
                0x08005374                MemManage_Handler
 .text.BusFault_Handler
                0x0800537c        0x8 ./Core/Src/stm32f4xx_it.o
                0x0800537c                BusFault_Handler
 .text.UsageFault_Handler
                0x08005384        0x8 ./Core/Src/stm32f4xx_it.o
                0x08005384                UsageFault_Handler
 .text.SVC_Handler
                0x0800538c        0xe ./Core/Src/stm32f4xx_it.o
                0x0800538c                SVC_Handler
 .text.DebugMon_Handler
                0x0800539a        0xe ./Core/Src/stm32f4xx_it.o
                0x0800539a                DebugMon_Handler
 .text.PendSV_Handler
                0x080053a8        0xe ./Core/Src/stm32f4xx_it.o
                0x080053a8                PendSV_Handler
 .text.SysTick_Handler
                0x080053b6        0xc ./Core/Src/stm32f4xx_it.o
                0x080053b6                SysTick_Handler
 *fill*         0x080053c2        0x2 
 .text.SPI1_IRQHandler
                0x080053c4       0x14 ./Core/Src/stm32f4xx_it.o
                0x080053c4                SPI1_IRQHandler
 .text.USART1_IRQHandler
                0x080053d8       0x14 ./Core/Src/stm32f4xx_it.o
                0x080053d8                USART1_IRQHandler
 .text._sbrk    0x080053ec       0x6c ./Core/Src/sysmem.o
                0x080053ec                _sbrk
 .text.SystemInit
                0x08005458       0x24 ./Core/Src/system_stm32f4xx.o
                0x08005458                SystemInit
 .text.Reset_Handler
                0x0800547c       0x50 ./Core/Startup/startup_stm32f446retx.o
                0x0800547c                Reset_Handler
 .text.Default_Handler
                0x080054cc        0x2 ./Core/Startup/startup_stm32f446retx.o
                0x080054cc                RTC_Alarm_IRQHandler
                0x080054cc                EXTI2_IRQHandler
                0x080054cc                TIM8_CC_IRQHandler
                0x080054cc                FMPI2C1_EV_IRQHandler
                0x080054cc                SPI4_IRQHandler
                0x080054cc                TIM1_CC_IRQHandler
                0x080054cc                DMA2_Stream5_IRQHandler
                0x080054cc                DMA1_Stream5_IRQHandler
                0x080054cc                PVD_IRQHandler
                0x080054cc                SDIO_IRQHandler
                0x080054cc                TAMP_STAMP_IRQHandler
                0x080054cc                CAN2_RX1_IRQHandler
                0x080054cc                EXTI3_IRQHandler
                0x080054cc                TIM8_TRG_COM_TIM14_IRQHandler
                0x080054cc                TIM1_UP_TIM10_IRQHandler
                0x080054cc                TIM8_UP_TIM13_IRQHandler
                0x080054cc                I2C3_ER_IRQHandler
                0x080054cc                EXTI0_IRQHandler
                0x080054cc                I2C2_EV_IRQHandler
                0x080054cc                DMA1_Stream2_IRQHandler
                0x080054cc                CAN1_RX0_IRQHandler
                0x080054cc                FPU_IRQHandler
                0x080054cc                OTG_HS_WKUP_IRQHandler
                0x080054cc                CAN2_SCE_IRQHandler
                0x080054cc                DMA2_Stream2_IRQHandler
                0x080054cc                TIM6_DAC_IRQHandler
                0x080054cc                TIM1_BRK_TIM9_IRQHandler
                0x080054cc                DCMI_IRQHandler
                0x080054cc                CAN2_RX0_IRQHandler
                0x080054cc                DMA2_Stream3_IRQHandler
                0x080054cc                SAI2_IRQHandler
                0x080054cc                USART6_IRQHandler
                0x080054cc                USART3_IRQHandler
                0x080054cc                CAN1_RX1_IRQHandler
                0x080054cc                UART5_IRQHandler
                0x080054cc                DMA2_Stream0_IRQHandler
                0x080054cc                TIM4_IRQHandler
                0x080054cc                QUADSPI_IRQHandler
                0x080054cc                I2C1_EV_IRQHandler
                0x080054cc                DMA1_Stream6_IRQHandler
                0x080054cc                DMA1_Stream1_IRQHandler
                0x080054cc                UART4_IRQHandler
                0x080054cc                TIM3_IRQHandler
                0x080054cc                RCC_IRQHandler
                0x080054cc                TIM8_BRK_TIM12_IRQHandler
                0x080054cc                Default_Handler
                0x080054cc                CEC_IRQHandler
                0x080054cc                EXTI15_10_IRQHandler
                0x080054cc                ADC_IRQHandler
                0x080054cc                DMA1_Stream7_IRQHandler
                0x080054cc                TIM7_IRQHandler
                0x080054cc                CAN2_TX_IRQHandler
                0x080054cc                TIM5_IRQHandler
                0x080054cc                DMA2_Stream7_IRQHandler
                0x080054cc                I2C3_EV_IRQHandler
                0x080054cc                EXTI9_5_IRQHandler
                0x080054cc                RTC_WKUP_IRQHandler
                0x080054cc                SPDIF_RX_IRQHandler
                0x080054cc                SPI2_IRQHandler
                0x080054cc                OTG_HS_EP1_IN_IRQHandler
                0x080054cc                DMA1_Stream0_IRQHandler
                0x080054cc                CAN1_TX_IRQHandler
                0x080054cc                FMPI2C1_ER_IRQHandler
                0x080054cc                EXTI4_IRQHandler
                0x080054cc                OTG_HS_EP1_OUT_IRQHandler
                0x080054cc                WWDG_IRQHandler
                0x080054cc                TIM2_IRQHandler
                0x080054cc                OTG_FS_WKUP_IRQHandler
                0x080054cc                TIM1_TRG_COM_TIM11_IRQHandler
                0x080054cc                OTG_HS_IRQHandler
                0x080054cc                EXTI1_IRQHandler
                0x080054cc                USART2_IRQHandler
                0x080054cc                I2C2_ER_IRQHandler
                0x080054cc                DMA2_Stream1_IRQHandler
                0x080054cc                CAN1_SCE_IRQHandler
                0x080054cc                FLASH_IRQHandler
                0x080054cc                DMA2_Stream4_IRQHandler
                0x080054cc                OTG_FS_IRQHandler
                0x080054cc                SPI3_IRQHandler
                0x080054cc                DMA1_Stream4_IRQHandler
                0x080054cc                I2C1_ER_IRQHandler
                0x080054cc                FMC_IRQHandler
                0x080054cc                DMA2_Stream6_IRQHandler
                0x080054cc                SAI1_IRQHandler
                0x080054cc                DMA1_Stream3_IRQHandler
 *fill*         0x080054ce        0x2 
 .text.HAL_Init
                0x080054d0       0x44 ./Drivers/STM32F4xx_HAL_Driver/Src/stm32f4xx_hal.o
                0x080054d0                HAL_Init
 .text.HAL_InitTick
                0x08005514       0x60 ./Drivers/STM32F4xx_HAL_Driver/Src/stm32f4xx_hal.o
                0x08005514                HAL_InitTick
 .text.HAL_IncTick
                0x08005574       0x28 ./Drivers/STM32F4xx_HAL_Driver/Src/stm32f4xx_hal.o
                0x08005574                HAL_IncTick
 .text.HAL_GetTick
                0x0800559c       0x18 ./Drivers/STM32F4xx_HAL_Driver/Src/stm32f4xx_hal.o
                0x0800559c                HAL_GetTick
 .text.HAL_Delay
                0x080055b4       0x48 ./Drivers/STM32F4xx_HAL_Driver/Src/stm32f4xx_hal.o
                0x080055b4                HAL_Delay
 .text.__NVIC_SetPriorityGrouping
                0x080055fc       0x48 ./Drivers/STM32F4xx_HAL_Driver/Src/stm32f4xx_hal_cortex.o
 .text.__NVIC_GetPriorityGrouping
                0x08005644       0x1c ./Drivers/STM32F4xx_HAL_Driver/Src/stm32f4xx_hal_cortex.o
 .text.__NVIC_EnableIRQ
                0x08005660       0x3c ./Drivers/STM32F4xx_HAL_Driver/Src/stm32f4xx_hal_cortex.o
 .text.__NVIC_SetPriority
                0x0800569c       0x54 ./Drivers/STM32F4xx_HAL_Driver/Src/stm32f4xx_hal_cortex.o
 .text.NVIC_EncodePriority
                0x080056f0       0x66 ./Drivers/STM32F4xx_HAL_Driver/Src/stm32f4xx_hal_cortex.o
 *fill*         0x08005756        0x2 
 .text.SysTick_Config
                0x08005758       0x44 ./Drivers/STM32F4xx_HAL_Driver/Src/stm32f4xx_hal_cortex.o
 .text.HAL_NVIC_SetPriorityGrouping
                0x0800579c       0x16 ./Drivers/STM32F4xx_HAL_Driver/Src/stm32f4xx_hal_cortex.o
                0x0800579c                HAL_NVIC_SetPriorityGrouping
 .text.HAL_NVIC_SetPriority
                0x080057b2       0x38 ./Drivers/STM32F4xx_HAL_Driver/Src/stm32f4xx_hal_cortex.o
                0x080057b2                HAL_NVIC_SetPriority
 .text.HAL_NVIC_EnableIRQ
                0x080057ea       0x1c ./Drivers/STM32F4xx_HAL_Driver/Src/stm32f4xx_hal_cortex.o
                0x080057ea                HAL_NVIC_EnableIRQ
 .text.HAL_SYSTICK_Config
                0x08005806       0x18 ./Drivers/STM32F4xx_HAL_Driver/Src/stm32f4xx_hal_cortex.o
                0x08005806                HAL_SYSTICK_Config
 .text.HAL_DMA_Abort
                0x0800581e       0xe0 ./Drivers/STM32F4xx_HAL_Driver/Src/stm32f4xx_hal_dma.o
                0x0800581e                HAL_DMA_Abort
 .text.HAL_DMA_Abort_IT
                0x080058fe       0x44 ./Drivers/STM32F4xx_HAL_Driver/Src/stm32f4xx_hal_dma.o
                0x080058fe                HAL_DMA_Abort_IT
 *fill*         0x08005942        0x2 
 .text.HAL_GPIO_Init
                0x08005944      0x328 ./Drivers/STM32F4xx_HAL_Driver/Src/stm32f4xx_hal_gpio.o
                0x08005944                HAL_GPIO_Init
 .text.HAL_GPIO_WritePin
                0x08005c6c       0x32 ./Drivers/STM32F4xx_HAL_Driver/Src/stm32f4xx_hal_gpio.o
                0x08005c6c                HAL_GPIO_WritePin
 *fill*         0x08005c9e        0x2 
 .text.HAL_RCC_ClockConfig
                0x08005ca0      0x1cc ./Drivers/STM32F4xx_HAL_Driver/Src/stm32f4xx_hal_rcc.o
                0x08005ca0                HAL_RCC_ClockConfig
 .text.HAL_RCC_GetHCLKFreq
                0x08005e6c       0x18 ./Drivers/STM32F4xx_HAL_Driver/Src/stm32f4xx_hal_rcc.o
                0x08005e6c                HAL_RCC_GetHCLKFreq
 .text.HAL_RCC_GetPCLK1Freq
                0x08005e84       0x28 ./Drivers/STM32F4xx_HAL_Driver/Src/stm32f4xx_hal_rcc.o
                0x08005e84                HAL_RCC_GetPCLK1Freq
 .text.HAL_RCC_GetPCLK2Freq
                0x08005eac       0x28 ./Drivers/STM32F4xx_HAL_Driver/Src/stm32f4xx_hal_rcc.o
                0x08005eac                HAL_RCC_GetPCLK2Freq
 .text.HAL_RCC_GetSysClockFreq
                0x08005ed4      0x460 ./Drivers/STM32F4xx_HAL_Driver/Src/stm32f4xx_hal_rcc_ex.o
                0x08005ed4                HAL_RCC_GetSysClockFreq
 .text.HAL_RCC_OscConfig
                0x08006334      0x53c ./Drivers/STM32F4xx_HAL_Driver/Src/stm32f4xx_hal_rcc_ex.o
                0x08006334                HAL_RCC_OscConfig
 .text.HAL_SPI_Init
                0x08006870      0x112 ./Drivers/STM32F4xx_HAL_Driver/Src/stm32f4xx_hal_spi.o
                0x08006870                HAL_SPI_Init
 .text.HAL_SPI_Transmit
                0x08006982      0x288 ./Drivers/STM32F4xx_HAL_Driver/Src/stm32f4xx_hal_spi.o
                0x08006982                HAL_SPI_Transmit
 *fill*         0x08006c0a        0x2 
 .text.HAL_SPI_IRQHandler
                0x08006c0c      0x200 ./Drivers/STM32F4xx_HAL_Driver/Src/stm32f4xx_hal_spi.o
                0x08006c0c                HAL_SPI_IRQHandler
 .text.HAL_SPI_ErrorCallback
                0x08006e0c       0x14 ./Drivers/STM32F4xx_HAL_Driver/Src/stm32f4xx_hal_spi.o
                0x08006e0c                HAL_SPI_ErrorCallback
 .text.SPI_DMAAbortOnError
                0x08006e20       0x28 ./Drivers/STM32F4xx_HAL_Driver/Src/stm32f4xx_hal_spi.o
 .text.SPI_WaitFlagStateUntilTimeout
                0x08006e48      0x110 ./Drivers/STM32F4xx_HAL_Driver/Src/stm32f4xx_hal_spi.o
 .text.SPI_EndRxTxTransaction
                0x08006f58       0xa8 ./Drivers/STM32F4xx_HAL_Driver/Src/stm32f4xx_hal_spi.o
 .text.HAL_UART_Init
                0x08007000       0xa0 ./Drivers/STM32F4xx_HAL_Driver/Src/stm32f4xx_hal_uart.o
                0x08007000                HAL_UART_Init
 .text.HAL_UART_Transmit
                0x080070a0      0x116 ./Drivers/STM32F4xx_HAL_Driver/Src/stm32f4xx_hal_uart.o
                0x080070a0                HAL_UART_Transmit
 .text.HAL_UART_Receive_IT
                0x080071b6       0x4a ./Drivers/STM32F4xx_HAL_Driver/Src/stm32f4xx_hal_uart.o
                0x080071b6                HAL_UART_Receive_IT
 .text.HAL_UART_IRQHandler
                0x08007200      0x554 ./Drivers/STM32F4xx_HAL_Driver/Src/stm32f4xx_hal_uart.o
                0x08007200                HAL_UART_IRQHandler
 .text.HAL_UART_TxCpltCallback
                0x08007754       0x14 ./Drivers/STM32F4xx_HAL_Driver/Src/stm32f4xx_hal_uart.o
                0x08007754                HAL_UART_TxCpltCallback
 .text.HAL_UART_ErrorCallback
                0x08007768       0x14 ./Drivers/STM32F4xx_HAL_Driver/Src/stm32f4xx_hal_uart.o
                0x08007768                HAL_UART_ErrorCallback
 .text.HAL_UARTEx_RxEventCallback
                0x0800777c       0x18 ./Drivers/STM32F4xx_HAL_Driver/Src/stm32f4xx_hal_uart.o
                0x0800777c                HAL_UARTEx_RxEventCallback
 .text.UART_WaitOnFlagUntilTimeout
                0x08007794       0xb2 ./Drivers/STM32F4xx_HAL_Driver/Src/stm32f4xx_hal_uart.o
 .text.UART_Start_Receive_IT
                0x08007846       0x74 ./Drivers/STM32F4xx_HAL_Driver/Src/stm32f4xx_hal_uart.o
                0x08007846                UART_Start_Receive_IT
 .text.UART_EndRxTransfer
                0x080078ba       0xc6 ./Drivers/STM32F4xx_HAL_Driver/Src/stm32f4xx_hal_uart.o
 .text.UART_DMAAbortOnError
                0x08007980       0x22 ./Drivers/STM32F4xx_HAL_Driver/Src/stm32f4xx_hal_uart.o
 .text.UART_Transmit_IT
                0x080079a2       0xa0 ./Drivers/STM32F4xx_HAL_Driver/Src/stm32f4xx_hal_uart.o
 .text.UART_EndTransmit_IT
                0x08007a42       0x30 ./Drivers/STM32F4xx_HAL_Driver/Src/stm32f4xx_hal_uart.o
 .text.UART_Receive_IT
                0x08007a72      0x17c ./Drivers/STM32F4xx_HAL_Driver/Src/stm32f4xx_hal_uart.o
 *fill*         0x08007bee        0x2 
 .text.UART_SetConfig
                0x08007bf0      0x4e8 ./Drivers/STM32F4xx_HAL_Driver/Src/stm32f4xx_hal_uart.o
 .text.atoi     0x080080d8        0x8 C:/ST/STM32CubeIDE_1.19.0/STM32CubeIDE/plugins/com.st.stm32cube.ide.mcu.externaltools.gnu-tools-for-stm32.13.3.rel1.win32_1.0.0.202411081344/tools/bin/../lib/gcc/arm-none-eabi/13.3.1/../../../../arm-none-eabi/lib/thumb/v7e-m+fp/hard\libc_nano.a(libc_a-atoi.o)
                0x080080d8                atoi
 .text._strtol_l.isra.0
                0x080080e0       0xf4 C:/ST/STM32CubeIDE_1.19.0/STM32CubeIDE/plugins/com.st.stm32cube.ide.mcu.externaltools.gnu-tools-for-stm32.13.3.rel1.win32_1.0.0.202411081344/tools/bin/../lib/gcc/arm-none-eabi/13.3.1/../../../../arm-none-eabi/lib/thumb/v7e-m+fp/hard\libc_nano.a(libc_a-strtol.o)
 .text.strtol   0x080081d4       0x14 C:/ST/STM32CubeIDE_1.19.0/STM32CubeIDE/plugins/com.st.stm32cube.ide.mcu.externaltools.gnu-tools-for-stm32.13.3.rel1.win32_1.0.0.202411081344/tools/bin/../lib/gcc/arm-none-eabi/13.3.1/../../../../arm-none-eabi/lib/thumb/v7e-m+fp/hard\libc_nano.a(libc_a-strtol.o)
                0x080081d4                strtol
 .text.snprintf
                0x080081e8       0x6c C:/ST/STM32CubeIDE_1.19.0/STM32CubeIDE/plugins/com.st.stm32cube.ide.mcu.externaltools.gnu-tools-for-stm32.13.3.rel1.win32_1.0.0.202411081344/tools/bin/../lib/gcc/arm-none-eabi/13.3.1/../../../../arm-none-eabi/lib/thumb/v7e-m+fp/hard\libc_nano.a(libc_a-snprintf.o)
                0x080081e8                sniprintf
                0x080081e8                snprintf
 .text.memset   0x08008254       0x10 C:/ST/STM32CubeIDE_1.19.0/STM32CubeIDE/plugins/com.st.stm32cube.ide.mcu.externaltools.gnu-tools-for-stm32.13.3.rel1.win32_1.0.0.202411081344/tools/bin/../lib/gcc/arm-none-eabi/13.3.1/../../../../arm-none-eabi/lib/thumb/v7e-m+fp/hard\libc_nano.a(libc_a-memset.o)
                0x08008254                memset
 .text.strchr   0x08008264       0x1a C:/ST/STM32CubeIDE_1.19.0/STM32CubeIDE/plugins/com.st.stm32cube.ide.mcu.externaltools.gnu-tools-for-stm32.13.3.rel1.win32_1.0.0.202411081344/tools/bin/../lib/gcc/arm-none-eabi/13.3.1/../../../../arm-none-eabi/lib/thumb/v7e-m+fp/hard\libc_nano.a(libc_a-strchr.o)
                0x08008264                strchr
 *fill*         0x0800827e        0x2 
 .text.__errno  0x08008280        0xc C:/ST/STM32CubeIDE_1.19.0/STM32CubeIDE/plugins/com.st.stm32cube.ide.mcu.externaltools.gnu-tools-for-stm32.13.3.rel1.win32_1.0.0.202411081344/tools/bin/../lib/gcc/arm-none-eabi/13.3.1/../../../../arm-none-eabi/lib/thumb/v7e-m+fp/hard\libc_nano.a(libc_a-errno.o)
                0x08008280                __errno
 .text.__libc_init_array
                0x0800828c       0x48 C:/ST/STM32CubeIDE_1.19.0/STM32CubeIDE/plugins/com.st.stm32cube.ide.mcu.externaltools.gnu-tools-for-stm32.13.3.rel1.win32_1.0.0.202411081344/tools/bin/../lib/gcc/arm-none-eabi/13.3.1/../../../../arm-none-eabi/lib/thumb/v7e-m+fp/hard\libc_nano.a(libc_a-init.o)
                0x0800828c                __libc_init_array
 .text.__retarget_lock_acquire_recursive
                0x080082d4        0x2 C:/ST/STM32CubeIDE_1.19.0/STM32CubeIDE/plugins/com.st.stm32cube.ide.mcu.externaltools.gnu-tools-for-stm32.13.3.rel1.win32_1.0.0.202411081344/tools/bin/../lib/gcc/arm-none-eabi/13.3.1/../../../../arm-none-eabi/lib/thumb/v7e-m+fp/hard\libc_nano.a(libc_a-lock.o)
                0x080082d4                __retarget_lock_acquire_recursive
 .text.__retarget_lock_release_recursive
                0x080082d6        0x2 C:/ST/STM32CubeIDE_1.19.0/STM32CubeIDE/plugins/com.st.stm32cube.ide.mcu.externaltools.gnu-tools-for-stm32.13.3.rel1.win32_1.0.0.202411081344/tools/bin/../lib/gcc/arm-none-eabi/13.3.1/../../../../arm-none-eabi/lib/thumb/v7e-m+fp/hard\libc_nano.a(libc_a-lock.o)
                0x080082d6                __retarget_lock_release_recursive
 .text._free_r  0x080082d8       0x94 C:/ST/STM32CubeIDE_1.19.0/STM32CubeIDE/plugins/com.st.stm32cube.ide.mcu.externaltools.gnu-tools-for-stm32.13.3.rel1.win32_1.0.0.202411081344/tools/bin/../lib/gcc/arm-none-eabi/13.3.1/../../../../arm-none-eabi/lib/thumb/v7e-m+fp/hard\libc_nano.a(libc_a-freer.o)
                0x080082d8                _free_r
 .text.sbrk_aligned
                0x0800836c       0x44 C:/ST/STM32CubeIDE_1.19.0/STM32CubeIDE/plugins/com.st.stm32cube.ide.mcu.externaltools.gnu-tools-for-stm32.13.3.rel1.win32_1.0.0.202411081344/tools/bin/../lib/gcc/arm-none-eabi/13.3.1/../../../../arm-none-eabi/lib/thumb/v7e-m+fp/hard\libc_nano.a(libc_a-mallocr.o)
 .text._malloc_r
                0x080083b0      0x100 C:/ST/STM32CubeIDE_1.19.0/STM32CubeIDE/plugins/com.st.stm32cube.ide.mcu.externaltools.gnu-tools-for-stm32.13.3.rel1.win32_1.0.0.202411081344/tools/bin/../lib/gcc/arm-none-eabi/13.3.1/../../../../arm-none-eabi/lib/thumb/v7e-m+fp/hard\libc_nano.a(libc_a-mallocr.o)
                0x080083b0                _malloc_r
 .text.__malloc_lock
                0x080084b0        0xc C:/ST/STM32CubeIDE_1.19.0/STM32CubeIDE/plugins/com.st.stm32cube.ide.mcu.externaltools.gnu-tools-for-stm32.13.3.rel1.win32_1.0.0.202411081344/tools/bin/../lib/gcc/arm-none-eabi/13.3.1/../../../../arm-none-eabi/lib/thumb/v7e-m+fp/hard\libc_nano.a(libc_a-mlock.o)
                0x080084b0                __malloc_lock
 .text.__malloc_unlock
                0x080084bc        0xc C:/ST/STM32CubeIDE_1.19.0/STM32CubeIDE/plugins/com.st.stm32cube.ide.mcu.externaltools.gnu-tools-for-stm32.13.3.rel1.win32_1.0.0.202411081344/tools/bin/../lib/gcc/arm-none-eabi/13.3.1/../../../../arm-none-eabi/lib/thumb/v7e-m+fp/hard\libc_nano.a(libc_a-mlock.o)
                0x080084bc                __malloc_unlock
 .text.__ssputs_r
                0x080084c8       0xb6 C:/ST/STM32CubeIDE_1.19.0/STM32CubeIDE/plugins/com.st.stm32cube.ide.mcu.externaltools.gnu-tools-for-stm32.13.3.rel1.win32_1.0.0.202411081344/tools/bin/../lib/gcc/arm-none-eabi/13.3.1/../../../../arm-none-eabi/lib/thumb/v7e-m+fp/hard\libc_nano.a(libc_a-nano-svfprintf.o)
                0x080084c8                __ssputs_r
 *fill*         0x0800857e        0x2 
 .text._svfprintf_r
                0x08008580      0x1f8 C:/ST/STM32CubeIDE_1.19.0/STM32CubeIDE/plugins/com.st.stm32cube.ide.mcu.externaltools.gnu-tools-for-stm32.13.3.rel1.win32_1.0.0.202411081344/tools/bin/../lib/gcc/arm-none-eabi/13.3.1/../../../../arm-none-eabi/lib/thumb/v7e-m+fp/hard\libc_nano.a(libc_a-nano-svfprintf.o)
                0x08008580                _svfiprintf_r
                0x08008580                _svfprintf_r
 .text._printf_common
                0x08008778       0xda C:/ST/STM32CubeIDE_1.19.0/STM32CubeIDE/plugins/com.st.stm32cube.ide.mcu.externaltools.gnu-tools-for-stm32.13.3.rel1.win32_1.0.0.202411081344/tools/bin/../lib/gcc/arm-none-eabi/13.3.1/../../../../arm-none-eabi/lib/thumb/v7e-m+fp/hard\libc_nano.a(libc_a-nano-vfprintf_i.o)
                0x08008778                _printf_common
 *fill*         0x08008852        0x2 
 .text._printf_i
                0x08008854      0x23c C:/ST/STM32CubeIDE_1.19.0/STM32CubeIDE/plugins/com.st.stm32cube.ide.mcu.externaltools.gnu-tools-for-stm32.13.3.rel1.win32_1.0.0.202411081344/tools/bin/../lib/gcc/arm-none-eabi/13.3.1/../../../../arm-none-eabi/lib/thumb/v7e-m+fp/hard\libc_nano.a(libc_a-nano-vfprintf_i.o)
                0x08008854                _printf_i
 .text.memmove  0x08008a90       0x34 C:/ST/STM32CubeIDE_1.19.0/STM32CubeIDE/plugins/com.st.stm32cube.ide.mcu.externaltools.gnu-tools-for-stm32.13.3.rel1.win32_1.0.0.202411081344/tools/bin/../lib/gcc/arm-none-eabi/13.3.1/../../../../arm-none-eabi/lib/thumb/v7e-m+fp/hard\libc_nano.a(libc_a-memmove.o)
                0x08008a90                memmove
 .text._sbrk_r  0x08008ac4       0x20 C:/ST/STM32CubeIDE_1.19.0/STM32CubeIDE/plugins/com.st.stm32cube.ide.mcu.externaltools.gnu-tools-for-stm32.13.3.rel1.win32_1.0.0.202411081344/tools/bin/../lib/gcc/arm-none-eabi/13.3.1/../../../../arm-none-eabi/lib/thumb/v7e-m+fp/hard\libc_nano.a(libc_a-sbrkr.o)
                0x08008ac4                _sbrk_r
 .text.memcpy   0x08008ae4       0x1c C:/ST/STM32CubeIDE_1.19.0/STM32CubeIDE/plugins/com.st.stm32cube.ide.mcu.externaltools.gnu-tools-for-stm32.13.3.rel1.win32_1.0.0.202411081344/tools/bin/../lib/gcc/arm-none-eabi/13.3.1/../../../../arm-none-eabi/lib/thumb/v7e-m+fp/hard\libc_nano.a(libc_a-memcpy-stub.o)
                0x08008ae4                memcpy
 .text._realloc_r
                0x08008b00       0x5c C:/ST/STM32CubeIDE_1.19.0/STM32CubeIDE/plugins/com.st.stm32cube.ide.mcu.externaltools.gnu-tools-for-stm32.13.3.rel1.win32_1.0.0.202411081344/tools/bin/../lib/gcc/arm-none-eabi/13.3.1/../../../../arm-none-eabi/lib/thumb/v7e-m+fp/hard\libc_nano.a(libc_a-reallocr.o)
                0x08008b00                _realloc_r
 .text._malloc_usable_size_r
                0x08008b5c       0x10 C:/ST/STM32CubeIDE_1.19.0/STM32CubeIDE/plugins/com.st.stm32cube.ide.mcu.externaltools.gnu-tools-for-stm32.13.3.rel1.win32_1.0.0.202411081344/tools/bin/../lib/gcc/arm-none-eabi/13.3.1/../../../../arm-none-eabi/lib/thumb/v7e-m+fp/hard\libc_nano.a(libc_a-msizer.o)
                0x08008b5c                _malloc_usable_size_r
 *(.glue_7)
 .glue_7        0x08008b6c        0x0 linker stubs
 *(.glue_7t)
 .glue_7t       0x08008b6c        0x0 linker stubs
 *(.eh_frame)
 .eh_frame      0x08008b6c        0x0 C:/ST/STM32CubeIDE_1.19.0/STM32CubeIDE/plugins/com.st.stm32cube.ide.mcu.externaltools.gnu-tools-for-stm32.13.3.rel1.win32_1.0.0.202411081344/tools/bin/../lib/gcc/arm-none-eabi/13.3.1/thumb/v7e-m+fp/hard/crtbegin.o
 *(.init)
 .init          0x08008b6c        0x4 C:/ST/STM32CubeIDE_1.19.0/STM32CubeIDE/plugins/com.st.stm32cube.ide.mcu.externaltools.gnu-tools-for-stm32.13.3.rel1.win32_1.0.0.202411081344/tools/bin/../lib/gcc/arm-none-eabi/13.3.1/thumb/v7e-m+fp/hard/crti.o
                0x08008b6c                _init
 .init          0x08008b70        0x8 C:/ST/STM32CubeIDE_1.19.0/STM32CubeIDE/plugins/com.st.stm32cube.ide.mcu.externaltools.gnu-tools-for-stm32.13.3.rel1.win32_1.0.0.202411081344/tools/bin/../lib/gcc/arm-none-eabi/13.3.1/thumb/v7e-m+fp/hard/crtn.o
 *(.fini)
 .fini          0x08008b78        0x4 C:/ST/STM32CubeIDE_1.19.0/STM32CubeIDE/plugins/com.st.stm32cube.ide.mcu.externaltools.gnu-tools-for-stm32.13.3.rel1.win32_1.0.0.202411081344/tools/bin/../lib/gcc/arm-none-eabi/13.3.1/thumb/v7e-m+fp/hard/crti.o
                0x08008b78                _fini
 .fini          0x08008b7c        0x8 C:/ST/STM32CubeIDE_1.19.0/STM32CubeIDE/plugins/com.st.stm32cube.ide.mcu.externaltools.gnu-tools-for-stm32.13.3.rel1.win32_1.0.0.202411081344/tools/bin/../lib/gcc/arm-none-eabi/13.3.1/thumb/v7e-m+fp/hard/crtn.o
                0x08008b84                        . = ALIGN (0x4)
                0x08008b84                        _etext = .

.vfp11_veneer   0x08008b84        0x0
 .vfp11_veneer  0x08008b84        0x0 linker stubs

.v4_bx          0x08008b84        0x0
 .v4_bx         0x08008b84        0x0 linker stubs

.iplt           0x08008b84        0x0
 .iplt          0x08008b84        0x0 C:/ST/STM32CubeIDE_1.19.0/STM32CubeIDE/plugins/com.st.stm32cube.ide.mcu.externaltools.gnu-tools-for-stm32.13.3.rel1.win32_1.0.0.202411081344/tools/bin/../lib/gcc/arm-none-eabi/13.3.1/thumb/v7e-m+fp/hard/crtbegin.o

.rodata         0x08008b84    0x31574
                0x08008b84                        . = ALIGN (0x4)
 *(.rodata)
 .rodata        0x08008b84     0x1101 ./Core/Src/main.o
 *(.rodata*)
 *fill*         0x08009c85        0x3 
 .rodata.pantalla_inicio
                0x08009c88    0x24180 ./Core/Src/graficos.o
                0x08009c88                pantalla_inicio
 .rodata.elegir_tanque
                0x0802de08     0x1790 ./Core/Src/graficos.o
                0x0802de08                elegir_tanque
 .rodata.player1
                0x0802f598      0xcb2 ./Core/Src/graficos.o
                0x0802f598                player1
 *fill*         0x0803024a        0x2 
 .rodata.player2
                0x0803024c      0xcb2 ./Core/Src/graficos.o
                0x0803024c                player2
 *fill*         0x08030efe        0x2 
 .rodata.mapa_1
                0x08030f00      0x9f4 ./Core/Src/graficos.o
                0x08030f00                mapa_1
 .rodata.mapa_2
                0x080318f4      0x9f4 ./Core/Src/graficos.o
                0x080318f4                mapa_2
 .rodata.elige_mapa
                0x080322e8     0x139a ./Core/Src/graficos.o
                0x080322e8                elige_mapa
 *fill*         0x08033682        0x2 
 .rodata.bloqueladrillo_8_8
                0x08033684       0x80 ./Core/Src/graficos.o
                0x08033684                bloqueladrillo_8_8
 .rodata.monte  0x08033704      0x200 ./Core/Src/graficos.o
                0x08033704                monte
 .rodata.bloquegris_16_16
                0x08033904      0x200 ./Core/Src/graficos.o
                0x08033904                bloquegris_16_16
 .rodata.casita_ladrillo
                0x08033b04      0x400 ./Core/Src/graficos.o
                0x08033b04                casita_ladrillo
 .rodata.aguila
                0x08033f04      0x200 ./Core/Src/graficos.o
                0x08033f04                aguila
 .rodata.bloquegris_8_8
                0x08034104       0x80 ./Core/Src/graficos.o
                0x08034104                bloquegris_8_8
 .rodata.bloquegris_16_8
                0x08034184      0x100 ./Core/Src/graficos.o
                0x08034184                bloquegris_16_8
 .rodata.casita_gris
                0x08034284      0x400 ./Core/Src/graficos.o
                0x08034284                casita_gris
 .rodata.bloqueladrillo_16_8
                0x08034684      0x100 ./Core/Src/graficos.o
                0x08034684                bloqueladrillo_16_8
 .rodata.casitagris_invertida
                0x08034784      0x400 ./Core/Src/graficos.o
                0x08034784                casitagris_invertida
 .rodata.casitaladrillo_invertida
                0x08034b84      0x400 ./Core/Src/graficos.o
                0x08034b84                casitaladrillo_invertida
 .rodata.ganador
                0x08034f84     0x5028 ./Core/Src/graficos.o
                0x08034f84                ganador
 .rodata.AHBPrescTable
                0x08039fac       0x10 ./Core/Src/system_stm32f4xx.o
                0x08039fac                AHBPrescTable
 .rodata.APBPrescTable
                0x08039fbc        0x8 ./Core/Src/system_stm32f4xx.o
                0x08039fbc                APBPrescTable
 .rodata._ctype_
                0x08039fc4      0x101 C:/ST/STM32CubeIDE_1.19.0/STM32CubeIDE/plugins/com.st.stm32cube.ide.mcu.externaltools.gnu-tools-for-stm32.13.3.rel1.win32_1.0.0.202411081344/tools/bin/../lib/gcc/arm-none-eabi/13.3.1/../../../../arm-none-eabi/lib/thumb/v7e-m+fp/hard\libc_nano.a(libc_a-ctype_.o)
                0x08039fc4                _ctype_
 .rodata._svfprintf_r.str1.1
                0x0803a0c5       0x33 C:/ST/STM32CubeIDE_1.19.0/STM32CubeIDE/plugins/com.st.stm32cube.ide.mcu.externaltools.gnu-tools-for-stm32.13.3.rel1.win32_1.0.0.202411081344/tools/bin/../lib/gcc/arm-none-eabi/13.3.1/../../../../arm-none-eabi/lib/thumb/v7e-m+fp/hard\libc_nano.a(libc_a-nano-svfprintf.o)
                                 0x11 (size before relaxing)
 .rodata._printf_i.str1.1
                0x0803a0f8       0x22 C:/ST/STM32CubeIDE_1.19.0/STM32CubeIDE/plugins/com.st.stm32cube.ide.mcu.externaltools.gnu-tools-for-stm32.13.3.rel1.win32_1.0.0.202411081344/tools/bin/../lib/gcc/arm-none-eabi/13.3.1/../../../../arm-none-eabi/lib/thumb/v7e-m+fp/hard\libc_nano.a(libc_a-nano-vfprintf_i.o)
                0x0803a11c                        . = ALIGN (0x4)

.ARM.extab      0x0803a0f8        0x0
                0x0803a0f8                        . = ALIGN (0x4)
 *(.ARM.extab* .gnu.linkonce.armextab.*)
                0x0803a0f8                        . = ALIGN (0x4)

.ARM            0x0803a0f8        0x8
                0x0803a0f8                        . = ALIGN (0x4)
                0x0803a0f8                        __exidx_start = .
 *(.ARM.exidx*)
 .ARM.exidx     0x0803a0f8        0x8 C:/ST/STM32CubeIDE_1.19.0/STM32CubeIDE/plugins/com.st.stm32cube.ide.mcu.externaltools.gnu-tools-for-stm32.13.3.rel1.win32_1.0.0.202411081344/tools/bin/../lib/gcc/arm-none-eabi/13.3.1/../../../../arm-none-eabi/lib/thumb/v7e-m+fp/hard\libc_nano.a(libc_a-strcmp.o)
 .ARM.exidx     0x0803a100        0x0 C:/ST/STM32CubeIDE_1.19.0/STM32CubeIDE/plugins/com.st.stm32cube.ide.mcu.externaltools.gnu-tools-for-stm32.13.3.rel1.win32_1.0.0.202411081344/tools/bin/../lib/gcc/arm-none-eabi/13.3.1/../../../../arm-none-eabi/lib/thumb/v7e-m+fp/hard\libc_nano.a(libc_a-strlen.o)
                                  0x8 (size before relaxing)
 .ARM.exidx     0x0803a100        0x0 C:/ST/STM32CubeIDE_1.19.0/STM32CubeIDE/plugins/com.st.stm32cube.ide.mcu.externaltools.gnu-tools-for-stm32.13.3.rel1.win32_1.0.0.202411081344/tools/bin/../lib/gcc/arm-none-eabi/13.3.1/../../../../arm-none-eabi/lib/thumb/v7e-m+fp/hard\libc_nano.a(libc_a-memchr.o)
                                  0x8 (size before relaxing)
 .ARM.exidx     0x0803a100        0x0 C:/ST/STM32CubeIDE_1.19.0/STM32CubeIDE/plugins/com.st.stm32cube.ide.mcu.externaltools.gnu-tools-for-stm32.13.3.rel1.win32_1.0.0.202411081344/tools/bin/../lib/gcc/arm-none-eabi/13.3.1/thumb/v7e-m+fp/hard\libgcc.a(_udivmoddi4.o)
                                  0x8 (size before relaxing)
                0x0803a100                        __exidx_end = .
                0x0803a100                        . = ALIGN (0x4)

.preinit_array  0x0803a100        0x0
                0x0803a100                        . = ALIGN (0x4)
                0x0803a100                        PROVIDE (__preinit_array_start = .)
 *(.preinit_array*)
                0x0803a100                        PROVIDE (__preinit_array_end = .)
                0x0803a100                        . = ALIGN (0x4)

.init_array     0x0803a100        0x4
                0x0803a100                        . = ALIGN (0x4)
                0x0803a100                        PROVIDE (__init_array_start = .)
 *(SORT_BY_NAME(.init_array.*))
 *(.init_array*)
 .init_array    0x0803a100        0x4 C:/ST/STM32CubeIDE_1.19.0/STM32CubeIDE/plugins/com.st.stm32cube.ide.mcu.externaltools.gnu-tools-for-stm32.13.3.rel1.win32_1.0.0.202411081344/tools/bin/../lib/gcc/arm-none-eabi/13.3.1/thumb/v7e-m+fp/hard/crtbegin.o
                0x0803a104                        PROVIDE (__init_array_end = .)
                0x0803a104                        . = ALIGN (0x4)

.fini_array     0x0803a104        0x4
                0x0803a104                        . = ALIGN (0x4)
                [!provide]                        PROVIDE (__fini_array_start = .)
 *(SORT_BY_NAME(.fini_array.*))
 *(.fini_array*)
 .fini_array    0x0803a104        0x4 C:/ST/STM32CubeIDE_1.19.0/STM32CubeIDE/plugins/com.st.stm32cube.ide.mcu.externaltools.gnu-tools-for-stm32.13.3.rel1.win32_1.0.0.202411081344/tools/bin/../lib/gcc/arm-none-eabi/13.3.1/thumb/v7e-m+fp/hard/crtbegin.o
                [!provide]                        PROVIDE (__fini_array_end = .)
                0x0803a108                        . = ALIGN (0x4)
                0x0803a108                        _sidata = LOADADDR (.data)

.rel.dyn        0x0803a108        0x0
 .rel.iplt      0x0803a108        0x0 C:/ST/STM32CubeIDE_1.19.0/STM32CubeIDE/plugins/com.st.stm32cube.ide.mcu.externaltools.gnu-tools-for-stm32.13.3.rel1.win32_1.0.0.202411081344/tools/bin/../lib/gcc/arm-none-eabi/13.3.1/thumb/v7e-m+fp/hard/crtbegin.o

.data           0x20000000     0xb980 load address 0x0803a108
                0x20000000                        . = ALIGN (0x4)
                0x20000000                        _sdata = .
 *(.data)
 *(.data*)
 .data.tanque_blancoSprite
                0x20000000      0x800 ./Core/Src/main.o
                0x20000000                tanque_blancoSprite
 .data.tanque_amarilloSprite
                0x20000800      0x800 ./Core/Src/main.o
                0x20000800                tanque_amarilloSprite
 .data.tanque_rojoSprite
                0x20001000      0x800 ./Core/Src/main.o
                0x20001000                tanque_rojoSprite
 .data.tanque_verdeSprite
                0x20001800      0x800 ./Core/Src/main.o
                0x20001800                tanque_verdeSprite
 .data.explosion_tanque
                0x20002000      0x600 ./Core/Src/main.o
                0x20002000                explosion_tanque
 .data.tanque_inicio
                0x20002600      0x2a4 ./Core/Src/main.o
                0x20002600                tanque_inicio
 .data.seleccion_tanque
                0x200028a4     0x4e20 ./Core/Src/main.o
                0x200028a4                seleccion_tanque
 .data.seleccion
                0x200076c4     0x3a98 ./Core/Src/main.o
                0x200076c4                seleccion
 .data.tanque_mapa
                0x2000b15c      0x6c6 ./Core/Src/main.o
                0x2000b15c                tanque_mapa
 *fill*         0x2000b822        0x2 
 .data.bala     0x2000b824       0xc8 ./Core/Src/main.o
                0x2000b824                bala
 .data.g_cursor
                0x2000b8ec       0x1c ./Core/Src/main.o
 .data.g_map_selector
                0x2000b908       0x1c ./Core/Src/main.o
 .data.SystemCoreClock
                0x2000b924        0x4 ./Core/Src/system_stm32f4xx.o
                0x2000b924                SystemCoreClock
 .data.uwTickPrio
                0x2000b928        0x4 ./Drivers/STM32F4xx_HAL_Driver/Src/stm32f4xx_hal.o
                0x2000b928                uwTickPrio
 .data.uwTickFreq
                0x2000b92c        0x1 ./Drivers/STM32F4xx_HAL_Driver/Src/stm32f4xx_hal.o
                0x2000b92c                uwTickFreq
 *fill*         0x2000b92d        0x3 
 .data._impure_ptr
                0x2000b930        0x4 C:/ST/STM32CubeIDE_1.19.0/STM32CubeIDE/plugins/com.st.stm32cube.ide.mcu.externaltools.gnu-tools-for-stm32.13.3.rel1.win32_1.0.0.202411081344/tools/bin/../lib/gcc/arm-none-eabi/13.3.1/../../../../arm-none-eabi/lib/thumb/v7e-m+fp/hard\libc_nano.a(libc_a-impure.o)
                0x2000b930                _impure_ptr
 .data._impure_data
                0x2000b934       0x4c C:/ST/STM32CubeIDE_1.19.0/STM32CubeIDE/plugins/com.st.stm32cube.ide.mcu.externaltools.gnu-tools-for-stm32.13.3.rel1.win32_1.0.0.202411081344/tools/bin/../lib/gcc/arm-none-eabi/13.3.1/../../../../arm-none-eabi/lib/thumb/v7e-m+fp/hard\libc_nano.a(libc_a-impure.o)
                0x2000b934                _impure_data
 *(.RamFunc)
 *(.RamFunc*)
                0x2000b980                        . = ALIGN (0x4)
                0x2000b980                        _edata = .

.igot.plt       0x2000b980        0x0 load address 0x08045a88
 .igot.plt      0x2000b980        0x0 C:/ST/STM32CubeIDE_1.19.0/STM32CubeIDE/plugins/com.st.stm32cube.ide.mcu.externaltools.gnu-tools-for-stm32.13.3.rel1.win32_1.0.0.202411081344/tools/bin/../lib/gcc/arm-none-eabi/13.3.1/thumb/v7e-m+fp/hard/crtbegin.o
                0x2000b980                        . = ALIGN (0x4)

.bss            0x2000b980     0x1fb8 load address 0x08045a88
                0x2000b980                        _sbss = .
                0x2000b980                        __bss_start__ = _sbss
 *(.bss)
 .bss           0x2000b980       0x1c C:/ST/STM32CubeIDE_1.19.0/STM32CubeIDE/plugins/com.st.stm32cube.ide.mcu.externaltools.gnu-tools-for-stm32.13.3.rel1.win32_1.0.0.202411081344/tools/bin/../lib/gcc/arm-none-eabi/13.3.1/thumb/v7e-m+fp/hard/crtbegin.o
 *(.bss*)
 .bss.hspi1     0x2000b99c       0x58 ./Core/Src/main.o
                0x2000b99c                hspi1
 .bss.huart1    0x2000b9f4       0x48 ./Core/Src/main.o
                0x2000b9f4                huart1
 .bss.huart2    0x2000ba3c       0x48 ./Core/Src/main.o
                0x2000ba3c                huart2
 .bss.uart1_rx_byte
                0x2000ba84        0x1 ./Core/Src/main.o
 *fill*         0x2000ba85        0x3 
 .bss.rx_line_buf
                0x2000ba88       0x80 ./Core/Src/main.o
 .bss.rx_line_len
                0x2000bb08        0x2 ./Core/Src/main.o
 .bss.g_state   0x2000bb0a        0x1 ./Core/Src/main.o
 *fill*         0x2000bb0b        0x1 
 .bss.g_menu_index
                0x2000bb0c        0x4 ./Core/Src/main.o
 .bss.g_p1_tank
                0x2000bb10        0x8 ./Core/Src/main.o
 .bss.g_p2_tank
                0x2000bb18        0x8 ./Core/Src/main.o
 .bss.g_selected_map
                0x2000bb20        0x1 ./Core/Src/main.o
 *fill*         0x2000bb21        0x3 
 .bss.g_map_menu_index
                0x2000bb24        0x4 ./Core/Src/main.o
 .bss.g_game_setup
                0x2000bb28        0x4 ./Core/Src/main.o
 .bss.g_current_map
                0x2000bb2c     0x1c04 ./Core/Src/main.o
 .bss.g_player1_tank
                0x2000d730       0x20 ./Core/Src/main.o
 .bss.g_player2_tank
                0x2000d750       0x20 ./Core/Src/main.o
 .bss.g_bullet_p1
                0x2000d770       0x18 ./Core/Src/main.o
 .bss.g_bullet_p2
                0x2000d788       0x18 ./Core/Src/main.o
 .bss.g_explosions
                0x2000d7a0       0x40 ./Core/Src/main.o
 .bss.g_winner  0x2000d7e0        0x1 ./Core/Src/main.o
 .bss.g_music_current
                0x2000d7e1        0x1 ./Core/Src/main.o
 .bss.game_initialized
                0x2000d7e2        0x1 ./Core/Src/main.o
 .bss.prev_state.1
                0x2000d7e3        0x1 ./Core/Src/main.o
 .bss.last_debug.0
                0x2000d7e4        0x4 ./Core/Src/main.o
 .bss.__sbrk_heap_end
                0x2000d7e8        0x4 ./Core/Src/sysmem.o
 .bss.uwTick    0x2000d7ec        0x4 ./Drivers/STM32F4xx_HAL_Driver/Src/stm32f4xx_hal.o
                0x2000d7ec                uwTick
 .bss.__sf      0x2000d7f0      0x138 C:/ST/STM32CubeIDE_1.19.0/STM32CubeIDE/plugins/com.st.stm32cube.ide.mcu.externaltools.gnu-tools-for-stm32.13.3.rel1.win32_1.0.0.202411081344/tools/bin/../lib/gcc/arm-none-eabi/13.3.1/../../../../arm-none-eabi/lib/thumb/v7e-m+fp/hard\libc_nano.a(libc_a-findfp.o)
                0x2000d7f0                __sf
 .bss.errno     0x2000d928        0x4 C:/ST/STM32CubeIDE_1.19.0/STM32CubeIDE/plugins/com.st.stm32cube.ide.mcu.externaltools.gnu-tools-for-stm32.13.3.rel1.win32_1.0.0.202411081344/tools/bin/../lib/gcc/arm-none-eabi/13.3.1/../../../../arm-none-eabi/lib/thumb/v7e-m+fp/hard\libc_nano.a(libc_a-reent.o)
                0x2000d928                errno
 .bss.__lock___malloc_recursive_mutex
                0x2000d92c        0x1 C:/ST/STM32CubeIDE_1.19.0/STM32CubeIDE/plugins/com.st.stm32cube.ide.mcu.externaltools.gnu-tools-for-stm32.13.3.rel1.win32_1.0.0.202411081344/tools/bin/../lib/gcc/arm-none-eabi/13.3.1/../../../../arm-none-eabi/lib/thumb/v7e-m+fp/hard\libc_nano.a(libc_a-lock.o)
                0x2000d92c                __lock___malloc_recursive_mutex
 *fill*         0x2000d92d        0x3 
 .bss.__malloc_sbrk_start
                0x2000d930        0x4 C:/ST/STM32CubeIDE_1.19.0/STM32CubeIDE/plugins/com.st.stm32cube.ide.mcu.externaltools.gnu-tools-for-stm32.13.3.rel1.win32_1.0.0.202411081344/tools/bin/../lib/gcc/arm-none-eabi/13.3.1/../../../../arm-none-eabi/lib/thumb/v7e-m+fp/hard\libc_nano.a(libc_a-mallocr.o)
                0x2000d930                __malloc_sbrk_start
 .bss.__malloc_free_list
                0x2000d934        0x4 C:/ST/STM32CubeIDE_1.19.0/STM32CubeIDE/plugins/com.st.stm32cube.ide.mcu.externaltools.gnu-tools-for-stm32.13.3.rel1.win32_1.0.0.202411081344/tools/bin/../lib/gcc/arm-none-eabi/13.3.1/../../../../arm-none-eabi/lib/thumb/v7e-m+fp/hard\libc_nano.a(libc_a-mallocr.o)
                0x2000d934                __malloc_free_list
 *(COMMON)
                0x2000d938                        . = ALIGN (0x4)
                0x2000d938                        _ebss = .
                0x2000d938                        __bss_end__ = _ebss

._user_heap_stack
                0x2000d938      0x600 load address 0x08045a88
                0x2000d938                        . = ALIGN (0x8)
                [!provide]                        PROVIDE (end = .)
                0x2000d938                        PROVIDE (_end = .)
                0x2000db38                        . = (. + _Min_Heap_Size)
 *fill*         0x2000d938      0x200 
                0x2000df38                        . = (. + _Min_Stack_Size)
 *fill*         0x2000db38      0x400 
                0x2000df38                        . = ALIGN (0x8)

/DISCARD/
 libc.a(*)
 libm.a(*)
 libgcc.a(*)

.ARM.attributes
                0x00000000       0x30
 *(.ARM.attributes)
 .ARM.attributes
                0x00000000       0x22 C:/ST/STM32CubeIDE_1.19.0/STM32CubeIDE/plugins/com.st.stm32cube.ide.mcu.externaltools.gnu-tools-for-stm32.13.3.rel1.win32_1.0.0.202411081344/tools/bin/../lib/gcc/arm-none-eabi/13.3.1/thumb/v7e-m+fp/hard/crti.o
 .ARM.attributes
                0x00000022       0x34 C:/ST/STM32CubeIDE_1.19.0/STM32CubeIDE/plugins/com.st.stm32cube.ide.mcu.externaltools.gnu-tools-for-stm32.13.3.rel1.win32_1.0.0.202411081344/tools/bin/../lib/gcc/arm-none-eabi/13.3.1/thumb/v7e-m+fp/hard/crtbegin.o
 .ARM.attributes
                0x00000056       0x34 ./Core/Src/graficos.o
 .ARM.attributes
                0x0000008a       0x34 ./Core/Src/ili9341.o
 .ARM.attributes
                0x000000be       0x34 ./Core/Src/main.o
 .ARM.attributes
                0x000000f2       0x34 ./Core/Src/stm32f4xx_hal_msp.o
 .ARM.attributes
                0x00000126       0x34 ./Core/Src/stm32f4xx_it.o
 .ARM.attributes
                0x0000015a       0x34 ./Core/Src/sysmem.o
 .ARM.attributes
                0x0000018e       0x34 ./Core/Src/system_stm32f4xx.o
 .ARM.attributes
                0x000001c2       0x21 ./Core/Startup/startup_stm32f446retx.o
 .ARM.attributes
                0x000001e3       0x34 ./Drivers/STM32F4xx_HAL_Driver/Src/stm32f4xx_hal.o
 .ARM.attributes
                0x00000217       0x34 ./Drivers/STM32F4xx_HAL_Driver/Src/stm32f4xx_hal_cortex.o
 .ARM.attributes
                0x0000024b       0x34 ./Drivers/STM32F4xx_HAL_Driver/Src/stm32f4xx_hal_dma.o
 .ARM.attributes
                0x0000027f       0x34 ./Drivers/STM32F4xx_HAL_Driver/Src/stm32f4xx_hal_gpio.o
 .ARM.attributes
                0x000002b3       0x34 ./Drivers/STM32F4xx_HAL_Driver/Src/stm32f4xx_hal_rcc.o
 .ARM.attributes
                0x000002e7       0x34 ./Drivers/STM32F4xx_HAL_Driver/Src/stm32f4xx_hal_rcc_ex.o
 .ARM.attributes
                0x0000031b       0x34 ./Drivers/STM32F4xx_HAL_Driver/Src/stm32f4xx_hal_spi.o
 .ARM.attributes
                0x0000034f       0x34 ./Drivers/STM32F4xx_HAL_Driver/Src/stm32f4xx_hal_uart.o
 .ARM.attributes
                0x00000383       0x34 C:/ST/STM32CubeIDE_1.19.0/STM32CubeIDE/plugins/com.st.stm32cube.ide.mcu.externaltools.gnu-tools-for-stm32.13.3.rel1.win32_1.0.0.202411081344/tools/bin/../lib/gcc/arm-none-eabi/13.3.1/../../../../arm-none-eabi/lib/thumb/v7e-m+fp/hard\libc_nano.a(libc_a-atoi.o)
 .ARM.attributes
                0x000003b7       0x34 C:/ST/STM32CubeIDE_1.19.0/STM32CubeIDE/plugins/com.st.stm32cube.ide.mcu.externaltools.gnu-tools-for-stm32.13.3.rel1.win32_1.0.0.202411081344/tools/bin/../lib/gcc/arm-none-eabi/13.3.1/../../../../arm-none-eabi/lib/thumb/v7e-m+fp/hard\libc_nano.a(libc_a-strtol.o)
 .ARM.attributes
                0x000003eb       0x34 C:/ST/STM32CubeIDE_1.19.0/STM32CubeIDE/plugins/com.st.stm32cube.ide.mcu.externaltools.gnu-tools-for-stm32.13.3.rel1.win32_1.0.0.202411081344/tools/bin/../lib/gcc/arm-none-eabi/13.3.1/../../../../arm-none-eabi/lib/thumb/v7e-m+fp/hard\libc_nano.a(libc_a-ctype_.o)
 .ARM.attributes
                0x0000041f       0x34 C:/ST/STM32CubeIDE_1.19.0/STM32CubeIDE/plugins/com.st.stm32cube.ide.mcu.externaltools.gnu-tools-for-stm32.13.3.rel1.win32_1.0.0.202411081344/tools/bin/../lib/gcc/arm-none-eabi/13.3.1/../../../../arm-none-eabi/lib/thumb/v7e-m+fp/hard\libc_nano.a(libc_a-findfp.o)
 .ARM.attributes
                0x00000453       0x34 C:/ST/STM32CubeIDE_1.19.0/STM32CubeIDE/plugins/com.st.stm32cube.ide.mcu.externaltools.gnu-tools-for-stm32.13.3.rel1.win32_1.0.0.202411081344/tools/bin/../lib/gcc/arm-none-eabi/13.3.1/../../../../arm-none-eabi/lib/thumb/v7e-m+fp/hard\libc_nano.a(libc_a-snprintf.o)
 .ARM.attributes
                0x00000487       0x34 C:/ST/STM32CubeIDE_1.19.0/STM32CubeIDE/plugins/com.st.stm32cube.ide.mcu.externaltools.gnu-tools-for-stm32.13.3.rel1.win32_1.0.0.202411081344/tools/bin/../lib/gcc/arm-none-eabi/13.3.1/../../../../arm-none-eabi/lib/thumb/v7e-m+fp/hard\libc_nano.a(libc_a-memset.o)
 .ARM.attributes
                0x000004bb       0x34 C:/ST/STM32CubeIDE_1.19.0/STM32CubeIDE/plugins/com.st.stm32cube.ide.mcu.externaltools.gnu-tools-for-stm32.13.3.rel1.win32_1.0.0.202411081344/tools/bin/../lib/gcc/arm-none-eabi/13.3.1/../../../../arm-none-eabi/lib/thumb/v7e-m+fp/hard\libc_nano.a(libc_a-strchr.o)
 .ARM.attributes
                0x000004ef       0x34 C:/ST/STM32CubeIDE_1.19.0/STM32CubeIDE/plugins/com.st.stm32cube.ide.mcu.externaltools.gnu-tools-for-stm32.13.3.rel1.win32_1.0.0.202411081344/tools/bin/../lib/gcc/arm-none-eabi/13.3.1/../../../../arm-none-eabi/lib/thumb/v7e-m+fp/hard\libc_nano.a(libc_a-reent.o)
 .ARM.attributes
                0x00000523       0x34 C:/ST/STM32CubeIDE_1.19.0/STM32CubeIDE/plugins/com.st.stm32cube.ide.mcu.externaltools.gnu-tools-for-stm32.13.3.rel1.win32_1.0.0.202411081344/tools/bin/../lib/gcc/arm-none-eabi/13.3.1/../../../../arm-none-eabi/lib/thumb/v7e-m+fp/hard\libc_nano.a(libc_a-impure.o)
 .ARM.attributes
                0x00000557       0x34 C:/ST/STM32CubeIDE_1.19.0/STM32CubeIDE/plugins/com.st.stm32cube.ide.mcu.externaltools.gnu-tools-for-stm32.13.3.rel1.win32_1.0.0.202411081344/tools/bin/../lib/gcc/arm-none-eabi/13.3.1/../../../../arm-none-eabi/lib/thumb/v7e-m+fp/hard\libc_nano.a(libc_a-errno.o)
 .ARM.attributes
                0x0000058b       0x34 C:/ST/STM32CubeIDE_1.19.0/STM32CubeIDE/plugins/com.st.stm32cube.ide.mcu.externaltools.gnu-tools-for-stm32.13.3.rel1.win32_1.0.0.202411081344/tools/bin/../lib/gcc/arm-none-eabi/13.3.1/../../../../arm-none-eabi/lib/thumb/v7e-m+fp/hard\libc_nano.a(libc_a-init.o)
 .ARM.attributes
                0x000005bf       0x34 C:/ST/STM32CubeIDE_1.19.0/STM32CubeIDE/plugins/com.st.stm32cube.ide.mcu.externaltools.gnu-tools-for-stm32.13.3.rel1.win32_1.0.0.202411081344/tools/bin/../lib/gcc/arm-none-eabi/13.3.1/../../../../arm-none-eabi/lib/thumb/v7e-m+fp/hard\libc_nano.a(libc_a-lock.o)
 .ARM.attributes
                0x000005f3       0x20 C:/ST/STM32CubeIDE_1.19.0/STM32CubeIDE/plugins/com.st.stm32cube.ide.mcu.externaltools.gnu-tools-for-stm32.13.3.rel1.win32_1.0.0.202411081344/tools/bin/../lib/gcc/arm-none-eabi/13.3.1/../../../../arm-none-eabi/lib/thumb/v7e-m+fp/hard\libc_nano.a(libc_a-strcmp.o)
 .ARM.attributes
                0x00000613       0x17 C:/ST/STM32CubeIDE_1.19.0/STM32CubeIDE/plugins/com.st.stm32cube.ide.mcu.externaltools.gnu-tools-for-stm32.13.3.rel1.win32_1.0.0.202411081344/tools/bin/../lib/gcc/arm-none-eabi/13.3.1/../../../../arm-none-eabi/lib/thumb/v7e-m+fp/hard\libc_nano.a(libc_a-strlen.o)
 .ARM.attributes
                0x0000062a       0x34 C:/ST/STM32CubeIDE_1.19.0/STM32CubeIDE/plugins/com.st.stm32cube.ide.mcu.externaltools.gnu-tools-for-stm32.13.3.rel1.win32_1.0.0.202411081344/tools/bin/../lib/gcc/arm-none-eabi/13.3.1/../../../../arm-none-eabi/lib/thumb/v7e-m+fp/hard\libc_nano.a(libc_a-freer.o)
 .ARM.attributes
                0x0000065e       0x34 C:/ST/STM32CubeIDE_1.19.0/STM32CubeIDE/plugins/com.st.stm32cube.ide.mcu.externaltools.gnu-tools-for-stm32.13.3.rel1.win32_1.0.0.202411081344/tools/bin/../lib/gcc/arm-none-eabi/13.3.1/../../../../arm-none-eabi/lib/thumb/v7e-m+fp/hard\libc_nano.a(libc_a-mallocr.o)
 .ARM.attributes
                0x00000692       0x34 C:/ST/STM32CubeIDE_1.19.0/STM32CubeIDE/plugins/com.st.stm32cube.ide.mcu.externaltools.gnu-tools-for-stm32.13.3.rel1.win32_1.0.0.202411081344/tools/bin/../lib/gcc/arm-none-eabi/13.3.1/../../../../arm-none-eabi/lib/thumb/v7e-m+fp/hard\libc_nano.a(libc_a-mlock.o)
 .ARM.attributes
                0x000006c6       0x34 C:/ST/STM32CubeIDE_1.19.0/STM32CubeIDE/plugins/com.st.stm32cube.ide.mcu.externaltools.gnu-tools-for-stm32.13.3.rel1.win32_1.0.0.202411081344/tools/bin/../lib/gcc/arm-none-eabi/13.3.1/../../../../arm-none-eabi/lib/thumb/v7e-m+fp/hard\libc_nano.a(libc_a-nano-svfprintf.o)
 .ARM.attributes
                0x000006fa       0x34 C:/ST/STM32CubeIDE_1.19.0/STM32CubeIDE/plugins/com.st.stm32cube.ide.mcu.externaltools.gnu-tools-for-stm32.13.3.rel1.win32_1.0.0.202411081344/tools/bin/../lib/gcc/arm-none-eabi/13.3.1/../../../../arm-none-eabi/lib/thumb/v7e-m+fp/hard\libc_nano.a(libc_a-nano-vfprintf_i.o)
 .ARM.attributes
                0x0000072e       0x34 C:/ST/STM32CubeIDE_1.19.0/STM32CubeIDE/plugins/com.st.stm32cube.ide.mcu.externaltools.gnu-tools-for-stm32.13.3.rel1.win32_1.0.0.202411081344/tools/bin/../lib/gcc/arm-none-eabi/13.3.1/../../../../arm-none-eabi/lib/thumb/v7e-m+fp/hard\libc_nano.a(libc_a-memmove.o)
 .ARM.attributes
                0x00000762       0x34 C:/ST/STM32CubeIDE_1.19.0/STM32CubeIDE/plugins/com.st.stm32cube.ide.mcu.externaltools.gnu-tools-for-stm32.13.3.rel1.win32_1.0.0.202411081344/tools/bin/../lib/gcc/arm-none-eabi/13.3.1/../../../../arm-none-eabi/lib/thumb/v7e-m+fp/hard\libc_nano.a(libc_a-sbrkr.o)
 .ARM.attributes
                0x00000796       0x1c C:/ST/STM32CubeIDE_1.19.0/STM32CubeIDE/plugins/com.st.stm32cube.ide.mcu.externaltools.gnu-tools-for-stm32.13.3.rel1.win32_1.0.0.202411081344/tools/bin/../lib/gcc/arm-none-eabi/13.3.1/../../../../arm-none-eabi/lib/thumb/v7e-m+fp/hard\libc_nano.a(libc_a-memchr.o)
 .ARM.attributes
                0x000007b2       0x34 C:/ST/STM32CubeIDE_1.19.0/STM32CubeIDE/plugins/com.st.stm32cube.ide.mcu.externaltools.gnu-tools-for-stm32.13.3.rel1.win32_1.0.0.202411081344/tools/bin/../lib/gcc/arm-none-eabi/13.3.1/../../../../arm-none-eabi/lib/thumb/v7e-m+fp/hard\libc_nano.a(libc_a-memcpy-stub.o)
 .ARM.attributes
                0x000007e6       0x34 C:/ST/STM32CubeIDE_1.19.0/STM32CubeIDE/plugins/com.st.stm32cube.ide.mcu.externaltools.gnu-tools-for-stm32.13.3.rel1.win32_1.0.0.202411081344/tools/bin/../lib/gcc/arm-none-eabi/13.3.1/../../../../arm-none-eabi/lib/thumb/v7e-m+fp/hard\libc_nano.a(libc_a-reallocr.o)
 .ARM.attributes
                0x0000081a       0x34 C:/ST/STM32CubeIDE_1.19.0/STM32CubeIDE/plugins/com.st.stm32cube.ide.mcu.externaltools.gnu-tools-for-stm32.13.3.rel1.win32_1.0.0.202411081344/tools/bin/../lib/gcc/arm-none-eabi/13.3.1/../../../../arm-none-eabi/lib/thumb/v7e-m+fp/hard\libc_nano.a(libc_a-msizer.o)
 .ARM.attributes
                0x0000084e       0x22 C:/ST/STM32CubeIDE_1.19.0/STM32CubeIDE/plugins/com.st.stm32cube.ide.mcu.externaltools.gnu-tools-for-stm32.13.3.rel1.win32_1.0.0.202411081344/tools/bin/../lib/gcc/arm-none-eabi/13.3.1/thumb/v7e-m+fp/hard\libgcc.a(_aeabi_uldivmod.o)
 .ARM.attributes
                0x00000870       0x34 C:/ST/STM32CubeIDE_1.19.0/STM32CubeIDE/plugins/com.st.stm32cube.ide.mcu.externaltools.gnu-tools-for-stm32.13.3.rel1.win32_1.0.0.202411081344/tools/bin/../lib/gcc/arm-none-eabi/13.3.1/thumb/v7e-m+fp/hard\libgcc.a(_udivmoddi4.o)
 .ARM.attributes
                0x000008a4       0x22 C:/ST/STM32CubeIDE_1.19.0/STM32CubeIDE/plugins/com.st.stm32cube.ide.mcu.externaltools.gnu-tools-for-stm32.13.3.rel1.win32_1.0.0.202411081344/tools/bin/../lib/gcc/arm-none-eabi/13.3.1/thumb/v7e-m+fp/hard\libgcc.a(_dvmd_tls.o)
 .ARM.attributes
                0x000008c6       0x22 C:/ST/STM32CubeIDE_1.19.0/STM32CubeIDE/plugins/com.st.stm32cube.ide.mcu.externaltools.gnu-tools-for-stm32.13.3.rel1.win32_1.0.0.202411081344/tools/bin/../lib/gcc/arm-none-eabi/13.3.1/thumb/v7e-m+fp/hard/crtn.o
OUTPUT(Proyecto_2-Videojuego.elf elf32-littlearm)
LOAD linker stubs
LOAD C:/ST/STM32CubeIDE_1.19.0/STM32CubeIDE/plugins/com.st.stm32cube.ide.mcu.externaltools.gnu-tools-for-stm32.13.3.rel1.win32_1.0.0.202411081344/tools/bin/../lib/gcc/arm-none-eabi/13.3.1/../../../../arm-none-eabi/lib/thumb/v7e-m+fp/hard\libc.a
LOAD C:/ST/STM32CubeIDE_1.19.0/STM32CubeIDE/plugins/com.st.stm32cube.ide.mcu.externaltools.gnu-tools-for-stm32.13.3.rel1.win32_1.0.0.202411081344/tools/bin/../lib/gcc/arm-none-eabi/13.3.1/../../../../arm-none-eabi/lib/thumb/v7e-m+fp/hard\libm.a
LOAD C:/ST/STM32CubeIDE_1.19.0/STM32CubeIDE/plugins/com.st.stm32cube.ide.mcu.externaltools.gnu-tools-for-stm32.13.3.rel1.win32_1.0.0.202411081344/tools/bin/../lib/gcc/arm-none-eabi/13.3.1/thumb/v7e-m+fp/hard\libgcc.a

.debug_info     0x00000000     0xdaa1
 .debug_info    0x00000000      0x292 ./Core/Src/graficos.o
 .debug_info    0x00000292      0xd32 ./Core/Src/ili9341.o
 .debug_info    0x00000fc4     0x2e44 ./Core/Src/main.o
 .debug_info    0x00003e08      0xee0 ./Core/Src/stm32f4xx_hal_msp.o
 .debug_info    0x00004ce8      0x8ce ./Core/Src/stm32f4xx_it.o
 .debug_info    0x000055b6      0x168 ./Core/Src/sysmem.o
 .debug_info    0x0000571e      0x54a ./Core/Src/system_stm32f4xx.o
 .debug_info    0x00005c68       0x30 ./Core/Startup/startup_stm32f446retx.o
 .debug_info    0x00005c98      0x99a ./Drivers/STM32F4xx_HAL_Driver/Src/stm32f4xx_hal.o
 .debug_info    0x00006632      0xdaa ./Drivers/STM32F4xx_HAL_Driver/Src/stm32f4xx_hal_cortex.o
 .debug_info    0x000073dc      0x8e7 ./Drivers/STM32F4xx_HAL_Driver/Src/stm32f4xx_hal_dma.o
 .debug_info    0x00007cc3      0x70b ./Drivers/STM32F4xx_HAL_Driver/Src/stm32f4xx_hal_gpio.o
 .debug_info    0x000083ce      0x8ff ./Drivers/STM32F4xx_HAL_Driver/Src/stm32f4xx_hal_rcc.o
 .debug_info    0x00008ccd      0x960 ./Drivers/STM32F4xx_HAL_Driver/Src/stm32f4xx_hal_rcc_ex.o
 .debug_info    0x0000962d     0x1525 ./Drivers/STM32F4xx_HAL_Driver/Src/stm32f4xx_hal_spi.o
 .debug_info    0x0000ab52     0x2f4f ./Drivers/STM32F4xx_HAL_Driver/Src/stm32f4xx_hal_uart.o

.debug_abbrev   0x00000000     0x1f72
 .debug_abbrev  0x00000000       0x7d ./Core/Src/graficos.o
 .debug_abbrev  0x0000007d      0x275 ./Core/Src/ili9341.o
 .debug_abbrev  0x000002f2      0x378 ./Core/Src/main.o
 .debug_abbrev  0x0000066a      0x1cd ./Core/Src/stm32f4xx_hal_msp.o
 .debug_abbrev  0x00000837      0x188 ./Core/Src/stm32f4xx_it.o
 .debug_abbrev  0x000009bf       0xbc ./Core/Src/sysmem.o
 .debug_abbrev  0x00000a7b      0x11a ./Core/Src/system_stm32f4xx.o
 .debug_abbrev  0x00000b95       0x24 ./Core/Startup/startup_stm32f446retx.o
 .debug_abbrev  0x00000bb9      0x214 ./Drivers/STM32F4xx_HAL_Driver/Src/stm32f4xx_hal.o
 .debug_abbrev  0x00000dcd      0x31d ./Drivers/STM32F4xx_HAL_Driver/Src/stm32f4xx_hal_cortex.o
 .debug_abbrev  0x000010ea      0x264 ./Drivers/STM32F4xx_HAL_Driver/Src/stm32f4xx_hal_dma.o
 .debug_abbrev  0x0000134e      0x1d4 ./Drivers/STM32F4xx_HAL_Driver/Src/stm32f4xx_hal_gpio.o
 .debug_abbrev  0x00001522      0x2b7 ./Drivers/STM32F4xx_HAL_Driver/Src/stm32f4xx_hal_rcc.o
 .debug_abbrev  0x000017d9      0x211 ./Drivers/STM32F4xx_HAL_Driver/Src/stm32f4xx_hal_rcc_ex.o
 .debug_abbrev  0x000019ea      0x27a ./Drivers/STM32F4xx_HAL_Driver/Src/stm32f4xx_hal_spi.o
 .debug_abbrev  0x00001c64      0x30e ./Drivers/STM32F4xx_HAL_Driver/Src/stm32f4xx_hal_uart.o

.debug_aranges  0x00000000      0xbd8
 .debug_aranges
                0x00000000       0x18 ./Core/Src/graficos.o
 .debug_aranges
                0x00000018       0x78 ./Core/Src/ili9341.o
 .debug_aranges
                0x00000090      0x248 ./Core/Src/main.o
 .debug_aranges
                0x000002d8       0x40 ./Core/Src/stm32f4xx_hal_msp.o
 .debug_aranges
                0x00000318       0x70 ./Core/Src/stm32f4xx_it.o
 .debug_aranges
                0x00000388       0x20 ./Core/Src/sysmem.o
 .debug_aranges
                0x000003a8       0x28 ./Core/Src/system_stm32f4xx.o
 .debug_aranges
                0x000003d0       0x28 ./Core/Startup/startup_stm32f446retx.o
 .debug_aranges
                0x000003f8       0xf0 ./Drivers/STM32F4xx_HAL_Driver/Src/stm32f4xx_hal.o
 .debug_aranges
                0x000004e8      0x130 ./Drivers/STM32F4xx_HAL_Driver/Src/stm32f4xx_hal_cortex.o
 .debug_aranges
                0x00000618       0x90 ./Drivers/STM32F4xx_HAL_Driver/Src/stm32f4xx_hal_dma.o
 .debug_aranges
                0x000006a8       0x58 ./Drivers/STM32F4xx_HAL_Driver/Src/stm32f4xx_hal_gpio.o
 .debug_aranges
                0x00000700       0x88 ./Drivers/STM32F4xx_HAL_Driver/Src/stm32f4xx_hal_rcc.o
 .debug_aranges
                0x00000788       0x78 ./Drivers/STM32F4xx_HAL_Driver/Src/stm32f4xx_hal_rcc_ex.o
 .debug_aranges
                0x00000800      0x1d0 ./Drivers/STM32F4xx_HAL_Driver/Src/stm32f4xx_hal_spi.o
 .debug_aranges
                0x000009d0      0x208 ./Drivers/STM32F4xx_HAL_Driver/Src/stm32f4xx_hal_uart.o

.debug_macro    0x00000000    0x219d1
 .debug_macro   0x00000000       0xbe ./Core/Src/graficos.o
 .debug_macro   0x000000be       0x5b ./Core/Src/graficos.o
 .debug_macro   0x00000119       0x2a ./Core/Src/graficos.o
 .debug_macro   0x00000143       0x94 ./Core/Src/graficos.o
 .debug_macro   0x000001d7       0x43 ./Core/Src/graficos.o
 .debug_macro   0x0000021a       0x3a ./Core/Src/graficos.o
 .debug_macro   0x00000254       0x57 ./Core/Src/graficos.o
 .debug_macro   0x000002ab       0x89 ./Core/Src/graficos.o
 .debug_macro   0x00000334      0x460 ./Core/Src/graficos.o
 .debug_macro   0x00000794      0x1a7 ./Core/Src/graficos.o
 .debug_macro   0x0000093b      0x316 ./Core/Src/ili9341.o
 .debug_macro   0x00000c51       0x34 ./Core/Src/ili9341.o
 .debug_macro   0x00000c85       0x16 ./Core/Src/ili9341.o
 .debug_macro   0x00000c9b      0x11c ./Core/Src/ili9341.o
 .debug_macro   0x00000db7       0x9b ./Core/Src/ili9341.o
 .debug_macro   0x00000e52      0x370 ./Core/Src/ili9341.o
 .debug_macro   0x000011c2       0x16 ./Core/Src/ili9341.o
 .debug_macro   0x000011d8       0x4a ./Core/Src/ili9341.o
 .debug_macro   0x00001222       0x34 ./Core/Src/ili9341.o
 .debug_macro   0x00001256       0x10 ./Core/Src/ili9341.o
 .debug_macro   0x00001266       0x58 ./Core/Src/ili9341.o
 .debug_macro   0x000012be       0x8e ./Core/Src/ili9341.o
 .debug_macro   0x0000134c       0x1c ./Core/Src/ili9341.o
 .debug_macro   0x00001368      0x185 ./Core/Src/ili9341.o
 .debug_macro   0x000014ed       0x16 ./Core/Src/ili9341.o
 .debug_macro   0x00001503       0x29 ./Core/Src/ili9341.o
 .debug_macro   0x0000152c       0x16 ./Core/Src/ili9341.o
 .debug_macro   0x00001542       0x3c ./Core/Src/ili9341.o
 .debug_macro   0x0000157e       0x20 ./Core/Src/ili9341.o
 .debug_macro   0x0000159e      0x118 ./Core/Src/ili9341.o
 .debug_macro   0x000016b6       0x3a ./Core/Src/ili9341.o
 .debug_macro   0x000016f0      0x29b ./Core/Src/ili9341.o
 .debug_macro   0x0000198b       0x2e ./Core/Src/ili9341.o
 .debug_macro   0x000019b9       0x28 ./Core/Src/ili9341.o
 .debug_macro   0x000019e1       0x1c ./Core/Src/ili9341.o
 .debug_macro   0x000019fd       0x22 ./Core/Src/ili9341.o
 .debug_macro   0x00001a1f       0xfb ./Core/Src/ili9341.o
 .debug_macro   0x00001b1a     0x1011 ./Core/Src/ili9341.o
 .debug_macro   0x00002b2b      0x11f ./Core/Src/ili9341.o
 .debug_macro   0x00002c4a    0x1675e ./Core/Src/ili9341.o
 .debug_macro   0x000193a8       0x6d ./Core/Src/ili9341.o
 .debug_macro   0x00019415     0x3693 ./Core/Src/ili9341.o
 .debug_macro   0x0001caa8       0x56 ./Core/Src/ili9341.o
 .debug_macro   0x0001cafe      0xca5 ./Core/Src/ili9341.o
 .debug_macro   0x0001d7a3      0x9e9 ./Core/Src/ili9341.o
 .debug_macro   0x0001e18c      0x115 ./Core/Src/ili9341.o
 .debug_macro   0x0001e2a1      0x1a0 ./Core/Src/ili9341.o
 .debug_macro   0x0001e441       0xa5 ./Core/Src/ili9341.o
 .debug_macro   0x0001e4e6      0x16d ./Core/Src/ili9341.o
 .debug_macro   0x0001e653      0x287 ./Core/Src/ili9341.o
 .debug_macro   0x0001e8da       0x5f ./Core/Src/ili9341.o
 .debug_macro   0x0001e939      0x236 ./Core/Src/ili9341.o
 .debug_macro   0x0001eb6f      0x132 ./Core/Src/ili9341.o
 .debug_macro   0x0001eca1      0x29c ./Core/Src/ili9341.o
 .debug_macro   0x0001ef3d       0x2e ./Core/Src/ili9341.o
 .debug_macro   0x0001ef6b      0x127 ./Core/Src/ili9341.o
 .debug_macro   0x0001f092       0xe8 ./Core/Src/ili9341.o
 .debug_macro   0x0001f17a       0x89 ./Core/Src/ili9341.o
 .debug_macro   0x0001f203      0x225 ./Core/Src/ili9341.o
 .debug_macro   0x0001f428      0x2aa ./Core/Src/ili9341.o
 .debug_macro   0x0001f6d2      0x126 ./Core/Src/ili9341.o
 .debug_macro   0x0001f7f8       0x7c ./Core/Src/ili9341.o
 .debug_macro   0x0001f874      0x5da ./Core/Src/main.o
 .debug_macro   0x0001fe4e      0x190 ./Core/Src/main.o
 .debug_macro   0x0001ffde       0x5c ./Core/Src/main.o
 .debug_macro   0x0002003a       0x61 ./Core/Src/main.o
 .debug_macro   0x0002009b       0x10 ./Core/Src/main.o
 .debug_macro   0x000200ab       0x1c ./Core/Src/main.o
 .debug_macro   0x000200c7       0x10 ./Core/Src/main.o
 .debug_macro   0x000200d7       0x1c ./Core/Src/main.o
 .debug_macro   0x000200f3       0x16 ./Core/Src/main.o
 .debug_macro   0x00020109      0x146 ./Core/Src/main.o
 .debug_macro   0x0002024f      0x1d3 ./Core/Src/stm32f4xx_hal_msp.o
 .debug_macro   0x00020422      0x1dd ./Core/Src/stm32f4xx_it.o
 .debug_macro   0x000205ff      0x112 ./Core/Src/sysmem.o
 .debug_macro   0x00020711      0x23c ./Core/Src/sysmem.o
 .debug_macro   0x0002094d      0x1c4 ./Core/Src/system_stm32f4xx.o
 .debug_macro   0x00020b11      0x224 ./Drivers/STM32F4xx_HAL_Driver/Src/stm32f4xx_hal.o
 .debug_macro   0x00020d35      0x1c4 ./Drivers/STM32F4xx_HAL_Driver/Src/stm32f4xx_hal_cortex.o
 .debug_macro   0x00020ef9      0x1ca ./Drivers/STM32F4xx_HAL_Driver/Src/stm32f4xx_hal_dma.o
 .debug_macro   0x000210c3      0x1ca ./Drivers/STM32F4xx_HAL_Driver/Src/stm32f4xx_hal_gpio.o
 .debug_macro   0x0002128d      0x1e8 ./Drivers/STM32F4xx_HAL_Driver/Src/stm32f4xx_hal_rcc.o
 .debug_macro   0x00021475      0x1c4 ./Drivers/STM32F4xx_HAL_Driver/Src/stm32f4xx_hal_rcc_ex.o
 .debug_macro   0x00021639      0x1d3 ./Drivers/STM32F4xx_HAL_Driver/Src/stm32f4xx_hal_spi.o
 .debug_macro   0x0002180c      0x1c5 ./Drivers/STM32F4xx_HAL_Driver/Src/stm32f4xx_hal_uart.o

.debug_line     0x00000000     0xee6e
 .debug_line    0x00000000      0x522 ./Core/Src/graficos.o
 .debug_line    0x00000522      0xd0a ./Core/Src/ili9341.o
 .debug_line    0x0000122c     0x275a ./Core/Src/main.o
 .debug_line    0x00003986      0x7ff ./Core/Src/stm32f4xx_hal_msp.o
 .debug_line    0x00004185      0x80b ./Core/Src/stm32f4xx_it.o
 .debug_line    0x00004990      0x588 ./Core/Src/sysmem.o
 .debug_line    0x00004f18      0x7a2 ./Core/Src/system_stm32f4xx.o
 .debug_line    0x000056ba       0x7a ./Core/Startup/startup_stm32f446retx.o
 .debug_line    0x00005734      0xa1e ./Drivers/STM32F4xx_HAL_Driver/Src/stm32f4xx_hal.o
 .debug_line    0x00006152      0xcee ./Drivers/STM32F4xx_HAL_Driver/Src/stm32f4xx_hal_cortex.o
 .debug_line    0x00006e40      0xf8a ./Drivers/STM32F4xx_HAL_Driver/Src/stm32f4xx_hal_dma.o
 .debug_line    0x00007dca      0xb62 ./Drivers/STM32F4xx_HAL_Driver/Src/stm32f4xx_hal_gpio.o
 .debug_line    0x0000892c      0xe39 ./Drivers/STM32F4xx_HAL_Driver/Src/stm32f4xx_hal_rcc.o
 .debug_line    0x00009765     0x14ea ./Drivers/STM32F4xx_HAL_Driver/Src/stm32f4xx_hal_rcc_ex.o
 .debug_line    0x0000ac4f     0x1cb9 ./Drivers/STM32F4xx_HAL_Driver/Src/stm32f4xx_hal_spi.o
 .debug_line    0x0000c908     0x2566 ./Drivers/STM32F4xx_HAL_Driver/Src/stm32f4xx_hal_uart.o

.debug_str      0x00000000    0xcd9e0
 .debug_str     0x00000000    0xcd9e0 ./Core/Src/graficos.o
                               0x5e6a (size before relaxing)
 .debug_str     0x000cd9e0    0xc9541 ./Core/Src/ili9341.o
 .debug_str     0x000cd9e0    0xc9623 ./Core/Src/main.o
 .debug_str     0x000cd9e0    0xc4a0f ./Core/Src/stm32f4xx_hal_msp.o
 .debug_str     0x000cd9e0    0xc4371 ./Core/Src/stm32f4xx_it.o
 .debug_str     0x000cd9e0     0x778b ./Core/Src/sysmem.o
 .debug_str     0x000cd9e0    0xc3ca6 ./Core/Src/system_stm32f4xx.o
 .debug_str     0x000cd9e0       0x8d ./Core/Startup/startup_stm32f446retx.o
 .debug_str     0x000cd9e0    0xc486b ./Drivers/STM32F4xx_HAL_Driver/Src/stm32f4xx_hal.o
 .debug_str     0x000cd9e0    0xc45c2 ./Drivers/STM32F4xx_HAL_Driver/Src/stm32f4xx_hal_cortex.o
 .debug_str     0x000cd9e0    0xc409b ./Drivers/STM32F4xx_HAL_Driver/Src/stm32f4xx_hal_dma.o
 .debug_str     0x000cd9e0    0xc3e21 ./Drivers/STM32F4xx_HAL_Driver/Src/stm32f4xx_hal_gpio.o
 .debug_str     0x000cd9e0    0xc40df ./Drivers/STM32F4xx_HAL_Driver/Src/stm32f4xx_hal_rcc.o
 .debug_str     0x000cd9e0    0xc4112 ./Drivers/STM32F4xx_HAL_Driver/Src/stm32f4xx_hal_rcc_ex.o
 .debug_str     0x000cd9e0    0xc453f ./Drivers/STM32F4xx_HAL_Driver/Src/stm32f4xx_hal_spi.o
 .debug_str     0x000cd9e0    0xc4696 ./Drivers/STM32F4xx_HAL_Driver/Src/stm32f4xx_hal_uart.o

.comment        0x00000000       0x43
 .comment       0x00000000       0x43 ./Core/Src/graficos.o
                                 0x44 (size before relaxing)
 .comment       0x00000043       0x44 ./Core/Src/ili9341.o
 .comment       0x00000043       0x44 ./Core/Src/main.o
 .comment       0x00000043       0x44 ./Core/Src/stm32f4xx_hal_msp.o
 .comment       0x00000043       0x44 ./Core/Src/stm32f4xx_it.o
 .comment       0x00000043       0x44 ./Core/Src/sysmem.o
 .comment       0x00000043       0x44 ./Core/Src/system_stm32f4xx.o
 .comment       0x00000043       0x44 ./Drivers/STM32F4xx_HAL_Driver/Src/stm32f4xx_hal.o
 .comment       0x00000043       0x44 ./Drivers/STM32F4xx_HAL_Driver/Src/stm32f4xx_hal_cortex.o
 .comment       0x00000043       0x44 ./Drivers/STM32F4xx_HAL_Driver/Src/stm32f4xx_hal_dma.o
 .comment       0x00000043       0x44 ./Drivers/STM32F4xx_HAL_Driver/Src/stm32f4xx_hal_gpio.o
 .comment       0x00000043       0x44 ./Drivers/STM32F4xx_HAL_Driver/Src/stm32f4xx_hal_rcc.o
 .comment       0x00000043       0x44 ./Drivers/STM32F4xx_HAL_Driver/Src/stm32f4xx_hal_rcc_ex.o
 .comment       0x00000043       0x44 ./Drivers/STM32F4xx_HAL_Driver/Src/stm32f4xx_hal_spi.o
 .comment       0x00000043       0x44 ./Drivers/STM32F4xx_HAL_Driver/Src/stm32f4xx_hal_uart.o

.debug_rnglists
                0x00000000      0x925
 .debug_rnglists
                0x00000000       0x5e ./Core/Src/ili9341.o
 .debug_rnglists
                0x0000005e      0x1d8 ./Core/Src/main.o
 .debug_rnglists
                0x00000236       0x2d ./Core/Src/stm32f4xx_hal_msp.o
 .debug_rnglists
                0x00000263       0x4f ./Core/Src/stm32f4xx_it.o
 .debug_rnglists
                0x000002b2       0x13 ./Core/Src/sysmem.o
 .debug_rnglists
                0x000002c5       0x1a ./Core/Src/system_stm32f4xx.o
 .debug_rnglists
                0x000002df       0x19 ./Core/Startup/startup_stm32f446retx.o
 .debug_rnglists
                0x000002f8       0xaf ./Drivers/STM32F4xx_HAL_Driver/Src/stm32f4xx_hal.o
 .debug_rnglists
                0x000003a7       0xe0 ./Drivers/STM32F4xx_HAL_Driver/Src/stm32f4xx_hal_cortex.o
 .debug_rnglists
                0x00000487       0x70 ./Drivers/STM32F4xx_HAL_Driver/Src/stm32f4xx_hal_dma.o
 .debug_rnglists
                0x000004f7       0x3f ./Drivers/STM32F4xx_HAL_Driver/Src/stm32f4xx_hal_gpio.o
 .debug_rnglists
                0x00000536       0x66 ./Drivers/STM32F4xx_HAL_Driver/Src/stm32f4xx_hal_rcc.o
 .debug_rnglists
                0x0000059c       0x5e ./Drivers/STM32F4xx_HAL_Driver/Src/stm32f4xx_hal_rcc_ex.o
 .debug_rnglists
                0x000005fa      0x16f ./Drivers/STM32F4xx_HAL_Driver/Src/stm32f4xx_hal_spi.o
 .debug_rnglists
                0x00000769      0x1bc ./Drivers/STM32F4xx_HAL_Driver/Src/stm32f4xx_hal_uart.o

.debug_frame    0x00000000     0x36bc
 .debug_frame   0x00000000      0x1c4 ./Core/Src/ili9341.o
 .debug_frame   0x000001c4      0xa34 ./Core/Src/main.o
 .debug_frame   0x00000bf8       0xc4 ./Core/Src/stm32f4xx_hal_msp.o
 .debug_frame   0x00000cbc      0x13c ./Core/Src/stm32f4xx_it.o
 .debug_frame   0x00000df8       0x34 ./Core/Src/sysmem.o
 .debug_frame   0x00000e2c       0x58 ./Core/Src/system_stm32f4xx.o
 .debug_frame   0x00000e84      0x374 ./Drivers/STM32F4xx_HAL_Driver/Src/stm32f4xx_hal.o
 .debug_frame   0x000011f8      0x508 ./Drivers/STM32F4xx_HAL_Driver/Src/stm32f4xx_hal_cortex.o
 .debug_frame   0x00001700      0x250 ./Drivers/STM32F4xx_HAL_Driver/Src/stm32f4xx_hal_dma.o
 .debug_frame   0x00001950      0x14c ./Drivers/STM32F4xx_HAL_Driver/Src/stm32f4xx_hal_gpio.o
 .debug_frame   0x00001a9c      0x1f4 ./Drivers/STM32F4xx_HAL_Driver/Src/stm32f4xx_hal_rcc.o
 .debug_frame   0x00001c90      0x1e8 ./Drivers/STM32F4xx_HAL_Driver/Src/stm32f4xx_hal_rcc_ex.o
 .debug_frame   0x00001e78      0x828 ./Drivers/STM32F4xx_HAL_Driver/Src/stm32f4xx_hal_spi.o
 .debug_frame   0x000026a0      0x954 ./Drivers/STM32F4xx_HAL_Driver/Src/stm32f4xx_hal_uart.o
 .debug_frame   0x00002ff4       0x30 C:/ST/STM32CubeIDE_1.19.0/STM32CubeIDE/plugins/com.st.stm32cube.ide.mcu.externaltools.gnu-tools-for-stm32.13.3.rel1.win32_1.0.0.202411081344/tools/bin/../lib/gcc/arm-none-eabi/13.3.1/../../../../arm-none-eabi/lib/thumb/v7e-m+fp/hard\libc_nano.a(libc_a-atoi.o)
 .debug_frame   0x00003024       0x64 C:/ST/STM32CubeIDE_1.19.0/STM32CubeIDE/plugins/com.st.stm32cube.ide.mcu.externaltools.gnu-tools-for-stm32.13.3.rel1.win32_1.0.0.202411081344/tools/bin/../lib/gcc/arm-none-eabi/13.3.1/../../../../arm-none-eabi/lib/thumb/v7e-m+fp/hard\libc_nano.a(libc_a-strtol.o)
 .debug_frame   0x00003088      0x144 C:/ST/STM32CubeIDE_1.19.0/STM32CubeIDE/plugins/com.st.stm32cube.ide.mcu.externaltools.gnu-tools-for-stm32.13.3.rel1.win32_1.0.0.202411081344/tools/bin/../lib/gcc/arm-none-eabi/13.3.1/../../../../arm-none-eabi/lib/thumb/v7e-m+fp/hard\libc_nano.a(libc_a-findfp.o)
 .debug_frame   0x000031cc       0x7c C:/ST/STM32CubeIDE_1.19.0/STM32CubeIDE/plugins/com.st.stm32cube.ide.mcu.externaltools.gnu-tools-for-stm32.13.3.rel1.win32_1.0.0.202411081344/tools/bin/../lib/gcc/arm-none-eabi/13.3.1/../../../../arm-none-eabi/lib/thumb/v7e-m+fp/hard\libc_nano.a(libc_a-snprintf.o)
 .debug_frame   0x00003248       0x20 C:/ST/STM32CubeIDE_1.19.0/STM32CubeIDE/plugins/com.st.stm32cube.ide.mcu.externaltools.gnu-tools-for-stm32.13.3.rel1.win32_1.0.0.202411081344/tools/bin/../lib/gcc/arm-none-eabi/13.3.1/../../../../arm-none-eabi/lib/thumb/v7e-m+fp/hard\libc_nano.a(libc_a-memset.o)
 .debug_frame   0x00003268       0x20 C:/ST/STM32CubeIDE_1.19.0/STM32CubeIDE/plugins/com.st.stm32cube.ide.mcu.externaltools.gnu-tools-for-stm32.13.3.rel1.win32_1.0.0.202411081344/tools/bin/../lib/gcc/arm-none-eabi/13.3.1/../../../../arm-none-eabi/lib/thumb/v7e-m+fp/hard\libc_nano.a(libc_a-strchr.o)
 .debug_frame   0x00003288       0x38 C:/ST/STM32CubeIDE_1.19.0/STM32CubeIDE/plugins/com.st.stm32cube.ide.mcu.externaltools.gnu-tools-for-stm32.13.3.rel1.win32_1.0.0.202411081344/tools/bin/../lib/gcc/arm-none-eabi/13.3.1/../../../../arm-none-eabi/lib/thumb/v7e-m+fp/hard\libc_nano.a(libc_a-reent.o)
 .debug_frame   0x000032c0       0x20 C:/ST/STM32CubeIDE_1.19.0/STM32CubeIDE/plugins/com.st.stm32cube.ide.mcu.externaltools.gnu-tools-for-stm32.13.3.rel1.win32_1.0.0.202411081344/tools/bin/../lib/gcc/arm-none-eabi/13.3.1/../../../../arm-none-eabi/lib/thumb/v7e-m+fp/hard\libc_nano.a(libc_a-errno.o)
 .debug_frame   0x000032e0       0x2c C:/ST/STM32CubeIDE_1.19.0/STM32CubeIDE/plugins/com.st.stm32cube.ide.mcu.externaltools.gnu-tools-for-stm32.13.3.rel1.win32_1.0.0.202411081344/tools/bin/../lib/gcc/arm-none-eabi/13.3.1/../../../../arm-none-eabi/lib/thumb/v7e-m+fp/hard\libc_nano.a(libc_a-init.o)
 .debug_frame   0x0000330c       0xb0 C:/ST/STM32CubeIDE_1.19.0/STM32CubeIDE/plugins/com.st.stm32cube.ide.mcu.externaltools.gnu-tools-for-stm32.13.3.rel1.win32_1.0.0.202411081344/tools/bin/../lib/gcc/arm-none-eabi/13.3.1/../../../../arm-none-eabi/lib/thumb/v7e-m+fp/hard\libc_nano.a(libc_a-lock.o)
 .debug_frame   0x000033bc       0x20 C:/ST/STM32CubeIDE_1.19.0/STM32CubeIDE/plugins/com.st.stm32cube.ide.mcu.externaltools.gnu-tools-for-stm32.13.3.rel1.win32_1.0.0.202411081344/tools/bin/../lib/gcc/arm-none-eabi/13.3.1/../../../../arm-none-eabi/lib/thumb/v7e-m+fp/hard\libc_nano.a(libc_a-strcmp.o)
 .debug_frame   0x000033dc       0x38 C:/ST/STM32CubeIDE_1.19.0/STM32CubeIDE/plugins/com.st.stm32cube.ide.mcu.externaltools.gnu-tools-for-stm32.13.3.rel1.win32_1.0.0.202411081344/tools/bin/../lib/gcc/arm-none-eabi/13.3.1/../../../../arm-none-eabi/lib/thumb/v7e-m+fp/hard\libc_nano.a(libc_a-freer.o)
 .debug_frame   0x00003414       0x50 C:/ST/STM32CubeIDE_1.19.0/STM32CubeIDE/plugins/com.st.stm32cube.ide.mcu.externaltools.gnu-tools-for-stm32.13.3.rel1.win32_1.0.0.202411081344/tools/bin/../lib/gcc/arm-none-eabi/13.3.1/../../../../arm-none-eabi/lib/thumb/v7e-m+fp/hard\libc_nano.a(libc_a-mallocr.o)
 .debug_frame   0x00003464       0x30 C:/ST/STM32CubeIDE_1.19.0/STM32CubeIDE/plugins/com.st.stm32cube.ide.mcu.externaltools.gnu-tools-for-stm32.13.3.rel1.win32_1.0.0.202411081344/tools/bin/../lib/gcc/arm-none-eabi/13.3.1/../../../../arm-none-eabi/lib/thumb/v7e-m+fp/hard\libc_nano.a(libc_a-mlock.o)
 .debug_frame   0x00003494       0x90 C:/ST/STM32CubeIDE_1.19.0/STM32CubeIDE/plugins/com.st.stm32cube.ide.mcu.externaltools.gnu-tools-for-stm32.13.3.rel1.win32_1.0.0.202411081344/tools/bin/../lib/gcc/arm-none-eabi/13.3.1/../../../../arm-none-eabi/lib/thumb/v7e-m+fp/hard\libc_nano.a(libc_a-nano-svfprintf.o)
 .debug_frame   0x00003524       0x60 C:/ST/STM32CubeIDE_1.19.0/STM32CubeIDE/plugins/com.st.stm32cube.ide.mcu.externaltools.gnu-tools-for-stm32.13.3.rel1.win32_1.0.0.202411081344/tools/bin/../lib/gcc/arm-none-eabi/13.3.1/../../../../arm-none-eabi/lib/thumb/v7e-m+fp/hard\libc_nano.a(libc_a-nano-vfprintf_i.o)
 .debug_frame   0x00003584       0x28 C:/ST/STM32CubeIDE_1.19.0/STM32CubeIDE/plugins/com.st.stm32cube.ide.mcu.externaltools.gnu-tools-for-stm32.13.3.rel1.win32_1.0.0.202411081344/tools/bin/../lib/gcc/arm-none-eabi/13.3.1/../../../../arm-none-eabi/lib/thumb/v7e-m+fp/hard\libc_nano.a(libc_a-memmove.o)
 .debug_frame   0x000035ac       0x2c C:/ST/STM32CubeIDE_1.19.0/STM32CubeIDE/plugins/com.st.stm32cube.ide.mcu.externaltools.gnu-tools-for-stm32.13.3.rel1.win32_1.0.0.202411081344/tools/bin/../lib/gcc/arm-none-eabi/13.3.1/../../../../arm-none-eabi/lib/thumb/v7e-m+fp/hard\libc_nano.a(libc_a-sbrkr.o)
 .debug_frame   0x000035d8       0x28 C:/ST/STM32CubeIDE_1.19.0/STM32CubeIDE/plugins/com.st.stm32cube.ide.mcu.externaltools.gnu-tools-for-stm32.13.3.rel1.win32_1.0.0.202411081344/tools/bin/../lib/gcc/arm-none-eabi/13.3.1/../../../../arm-none-eabi/lib/thumb/v7e-m+fp/hard\libc_nano.a(libc_a-memcpy-stub.o)
 .debug_frame   0x00003600       0x3c C:/ST/STM32CubeIDE_1.19.0/STM32CubeIDE/plugins/com.st.stm32cube.ide.mcu.externaltools.gnu-tools-for-stm32.13.3.rel1.win32_1.0.0.202411081344/tools/bin/../lib/gcc/arm-none-eabi/13.3.1/../../../../arm-none-eabi/lib/thumb/v7e-m+fp/hard\libc_nano.a(libc_a-reallocr.o)
 .debug_frame   0x0000363c       0x20 C:/ST/STM32CubeIDE_1.19.0/STM32CubeIDE/plugins/com.st.stm32cube.ide.mcu.externaltools.gnu-tools-for-stm32.13.3.rel1.win32_1.0.0.202411081344/tools/bin/../lib/gcc/arm-none-eabi/13.3.1/../../../../arm-none-eabi/lib/thumb/v7e-m+fp/hard\libc_nano.a(libc_a-msizer.o)
 .debug_frame   0x0000365c       0x2c C:/ST/STM32CubeIDE_1.19.0/STM32CubeIDE/plugins/com.st.stm32cube.ide.mcu.externaltools.gnu-tools-for-stm32.13.3.rel1.win32_1.0.0.202411081344/tools/bin/../lib/gcc/arm-none-eabi/13.3.1/thumb/v7e-m+fp/hard\libgcc.a(_aeabi_uldivmod.o)
 .debug_frame   0x00003688       0x34 C:/ST/STM32CubeIDE_1.19.0/STM32CubeIDE/plugins/com.st.stm32cube.ide.mcu.externaltools.gnu-tools-for-stm32.13.3.rel1.win32_1.0.0.202411081344/tools/bin/../lib/gcc/arm-none-eabi/13.3.1/thumb/v7e-m+fp/hard\libgcc.a(_udivmoddi4.o)

.debug_line_str
                0x00000000       0x71
 .debug_line_str
                0x00000000       0x71 ./Core/Startup/startup_stm32f446retx.o